19:39:38 (lmgrd) Changing message security level from -1 to 0
19:39:38 (lmgrd) SLOG: Summary LOG statistics is enabled.
19:39:38 (lmgrd) Done rereading
19:39:38 (lmgrd) FlexNet Licensing (v11.19.4.1 build 291070 x64_n6) started on win-license-lab (IBM PC) (3/21/2026)
19:39:38 (lmgrd) Copyright (c) 1988-2023 Flexera. All Rights Reserved.
19:39:38 (lmgrd) World Wide Web:  http://www.flexerasoftware.com
19:39:38 (lmgrd) License file(s): /app/licenses.lic
19:39:38 (lmgrd) lmgrd tcp-port 27000
19:39:38 (lmgrd) (@lmgrd-SLOG@) ===============================================
19:39:38 (lmgrd) (@lmgrd-SLOG@) === LMGRD ===
19:39:38 (lmgrd) (@lmgrd-SLOG@) Start-Date: Sat Mar 21 2026 19:39:38 Greenwich Standard Time
19:39:38 (lmgrd) (@lmgrd-SLOG@) PID: 208
19:39:38 (lmgrd) (@lmgrd-SLOG@) LMGRD Version: v11.19.4.1 build 291070 x64_n6 ( build 291070 (ipv6))
19:39:38 (lmgrd) (@lmgrd-SLOG@) 
19:39:38 (lmgrd) (@lmgrd-SLOG@) === Network Info ===
19:39:38 (lmgrd) (@lmgrd-SLOG@) Listening port: 27000
19:39:38 (lmgrd) (@lmgrd-SLOG@) 
19:39:38 (lmgrd) (@lmgrd-SLOG@) === Startup Info ===
19:39:38 (lmgrd) (@lmgrd-SLOG@) Is LS run as a service: No
19:39:38 (lmgrd) (@lmgrd-SLOG@) Server Configuration: Single Server
19:39:38 (lmgrd) (@lmgrd-SLOG@) Command-line options used at LS startup: -z -c /app/licenses.lic -l /app/debug.log 
19:39:38 (lmgrd) (@lmgrd-SLOG@) License file(s) used:  /app/licenses.lic
19:39:38 (lmgrd) (@lmgrd-SLOG@) ===============================================
19:39:38 (lmgrd) SLOG: FNPLS-INTERNAL-VL1-40000
19:39:38 (lmgrd) Starting vendor daemons ... 
19:39:38 (lmgrd) Starting vendor daemon at port 2080
19:39:38 (lmgrd) Using vendor daemon port 2080 specified in license file
19:39:38 (lmgrd) Started adskflex (pid 244)
19:39:38 (adskflex) FlexNet Licensing version v11.19.4.1 build 291070 x64_n6
19:39:38 (adskflex) SLOG: Summary LOG statistics is enabled.
19:39:38 (adskflex) SLOG: FNPLS-INTERNAL-CKPT1
19:39:38 (adskflex) SLOG: VM Status: 0
19:39:38 (adskflex) SLOG: FNPLS-INTERNAL-CKPT5
19:39:38 (adskflex) SLOG: TPM Status: 0
19:39:38 (adskflex) SLOG: FNPLS-INTERNAL-CKPT6
19:39:46 (adskflex) Server started on win-license-lab for:	88179IWICMU_2026_0F 
19:39:46 (adskflex) 88176INFDU_2026_0F 88173IWWSPRO_2026_0F 88169ARNOL_2026_0F 
19:39:46 (adskflex) 88157INVTOL_2026_0F 88152NINCAD_2026_0F 88151SCFDM_2026_0F 
19:39:46 (adskflex) 88150SCFDA_2026_0F 88147SCDSE_2026_0F 88145VLTM_2026_0F 
19:39:46 (adskflex) 88143PCOFFI_2026_0F 88141RECAP_2026_0F 88140ADSTPR_2026_0F 
19:39:46 (adskflex) 88139MBXPRO_2026_0F 88138MOBPRO_2026_0F 88134MAYACRE_2026_0F 
19:39:46 (adskflex) 88131MAYA_2026_0F 881273DSMAX_2026_0F 88080HSMPRM_2026_0F 
19:39:46 (adskflex) 88076INHSMP_2026_0F 88073HSMULT_2026_0F 88070HSMPREM_2026_0F 
19:39:46 (adskflex) 88068MFS_2026_0F 88067MFIA_2026_0F 88066MFIB_2026_0F 
19:39:46 (adskflex) 88065MFIP_2026_0F 88064MFAA_2026_0F 88062MFAM_2026_0F 
19:39:46 (adskflex) 88060ACMPAN_2026_0F 88049ESTMEP_2026_0F 88048CAMDCT_2026_0F 
19:39:46 (adskflex) 88046CADMEP_2026_0F 88045IW360P_2026_0F 88042RVT_2026_0F 
19:39:46 (adskflex) 88041SBRDES_2026_0F 88040VEHTRK_2026_0F 88038PNTLAY_2026_0P 
19:39:46 (adskflex) 88037NAVSIM_2026_0F 88036NAVMAN_2026_0F 88035CIV3D_2026_0F 
19:39:46 (adskflex) 88034RSAPRO_2026_0F 88033MAP_2026_0F 88030AMECH_PP_2026_0F 
19:39:46 (adskflex) 88029BLDSYS_2026_0F 88028ACAD_E_2026_0F 88027ARCHDESK_2026_0F 
19:39:46 (adskflex) 88026INVPROSA_2026_0F 88025ARDES_2026_0F 88024ACDLT_2026_0F 
19:39:46 (adskflex) 88023ACD_2026_0F 88022PLNT3D_2026_0F 88021IW360P_2025_0F 
19:39:46 (adskflex) 88017RCMVRD_2025_0F 88016VRDPRO_2025_0F 88014VRDPRS_2025_0F 
19:39:46 (adskflex) 88012VRDDES_2025_0F 88011VRDSRV_2025_0F 88009MFS_2025_0F 
19:39:46 (adskflex) 88008MFIA_2025_0F 88007MFIB_2025_0F 88006MFIP_2025_0F 
19:39:46 (adskflex) 88005MFAA_2025_0F 88004MFAM_2025_0F 88003ACMPAN_2025_0F 
19:39:46 (adskflex) 88001TNNUINV_2025_0F 87999INVTOL_2025_0F 87998INFDU_2025_0F 
19:39:46 (adskflex) 87996RECAP_2025_0F 87995IWWSPRO_2025_0F 87994IWICMU_2025_0F 
19:39:46 (adskflex) 87992INFWP_2025_0F 87991VLTM_2025_0F 87990PCOFFI_2025_0F 
19:39:46 (adskflex) 87989FDU_2025_0F 87988NINCAD_2025_0F 87987ARNOL_2025_0F 
19:39:46 (adskflex) 87980PWSULH_2025_0F 87979PMULHD_2025_0F 87977PWIULH_2025_0F 
19:39:46 (adskflex) 87976FCMULH_2025_0F 87975PWRSU_2025_0F 87974NTFABLS_2025_0F 
19:39:46 (adskflex) 87974NETFS_2025_0F 87970PWRMU_2025_0F 87969PWRIU_2025_0F 
19:39:46 (adskflex) 87968PWRMMOD_2025_0F 87967PMAKER_2025_0F 87965NETFE_2025_0F 
19:39:46 (adskflex) 87964FCAMU_2025_0F 87964NETFA_2025_0F 87963CAMTP_2025_0F 
19:39:46 (adskflex) 87961HSMPRM_2025_0F 87960HSMPRO_2025_0F 87959INHSMP_2025_0F 
19:39:46 (adskflex) 87958INVHSM_2025_0F 87957HSMULT_2025_0F 87956HSMPREM_2025_0F 
19:39:46 (adskflex) 87955PNTLAY_2025_0F 87954NAVSIM_2025_0F 87953NAVMAN_2025_0F 
19:39:46 (adskflex) 87952VEHTRK_2025_0F 87951SBRDES_2025_0F 87950ESTMEP_2025_0F 
19:39:46 (adskflex) 87948CAMDCT_2025_0F 87947CADMEP_2025_0F 87946RVTLT_2025_0F 
19:39:46 (adskflex) 87945RVT_2025_0F 87943MOBPRO_2025_0F 87943MBXPRO_2025_0F 
19:39:46 (adskflex) 87942MAYACRE_2025_0F 87940MAYA_2025_0F 879373DSMAX_2025_0F 
19:39:46 (adskflex) 87936SURFST_2025_0F 87936ALSLE_2025_0F 87935ALSCPT_2025_0F 
19:39:46 (adskflex) 87934ALAUST_2025_0F 87933ADSTPR_2025_0F 87932CIV3D_2025_0F 
19:39:46 (adskflex) 87931INVPROSA_2025_0F 87930MAP_2025_0F 87929ACDLTM_2025_0F 
19:39:46 (adskflex) 87928ACDMAC_2025_0F 87927RSAPRO_2025_0F 87926BLDSYS_2025_0F 
19:39:46 (adskflex) 87925AMECH_PP_2025_0F 87924ACAD_E_2025_0F 87923ARCHDESK_2025_0F 
19:39:46 (adskflex) 87922PLNT3D_2025_0F 87921ARDES_2025_0F 87920ACDLT_2025_0F 
19:39:46 (adskflex) 87919ACD_2025_0F 87918INVTOL_2024_0F 87916TNNUINV_2024_0F 
19:39:46 (adskflex) 87914MFS_2024_0F 87913MFIA_2024_0F 87912MFIB_2024_0F 
19:39:46 (adskflex) 87911MFIP_2024_0F 87910MFAA_2024_0F 87909RCMVRD_2024_0F 
19:39:46 (adskflex) 87908VRDPRO_2024_0F 87907VRDPRS_2024_0F 87906VRDLE_2024_0F 
19:39:46 (adskflex) 87905VRDDES_2024_0F 87904VRDSRV_2024_0F 87903SCDSE_2024_0F 
19:39:46 (adskflex) 87900NINCAD_2024_0F 87899SCFDM_2024_0F 87898SCFDA_2024_0F 
19:39:46 (adskflex) 87897IWWSPRO_2024_0F 87896IWICMU_2024_0F 87894INFWP_2024_0F 
19:39:46 (adskflex) 87893ARNOL_2024_0F 87892INFDU_2024_0F 87890FDU_2024_0F 
19:39:46 (adskflex) 87889VLTM_2024_0F 87888PCOFFI_2024_0F 87883A250_2024_0F 
19:39:46 (adskflex) 87882RECAP_2024_0F 87881NETFE_2024_0F 87880NETFS_2024_0F 
19:39:46 (adskflex) 87879NETFA_2024_0F 87878NTFABLS_2024_0F 87877VEHTRK_2024_0F 
19:39:46 (adskflex) 87876SBRDES_2024_0F 87874RVTGD_2024_0F 87874RVTLT_2024_0F 
19:39:46 (adskflex) 87873RVT_2024_0F 87872IW360P_2024_0F 87871ESTMEP_2024_0F 
19:39:46 (adskflex) 87870CAMDCT_2024_0F 87869CADMEP_2024_0F 87867CIV3D_2024_0F 
19:39:46 (adskflex) 87864ADSTPR_2024_0F 87863PNTLAY_2024_0F 87862NAVSIM_2024_0F 
19:39:46 (adskflex) 87861NAVMAN_2024_0F 87860PWRSU_2024_0F 87859PWRSS_2024_0F 
19:39:46 (adskflex) 87858PWRSP_2024_0F 87857PWRIU_2024_0F 87856PWRIS_2024_0F 
19:39:46 (adskflex) 87855PWRIP_2024_0F 87854PMAKER_2024_0F 87852FCAMU_2024_0F 
19:39:46 (adskflex) 87851FCAMS_2024_0F 87850FCAMP_2024_0F 87849CAMTM_2024_0F 
19:39:46 (adskflex) 87848CAMTP_2024_0F 87836PWRMU_2024_0F 87835PWRMS_2024_0F 
19:39:46 (adskflex) 87834PWRMP_2024_0F 87833PWRMMOD_2024_0F 87832HSMPRM_2024_0F 
19:39:46 (adskflex) 87831HSMPRO_2024_0F 87830INHSMP_2024_0F 87829INVHSM_2024_0F 
19:39:46 (adskflex) 87828HSMULT_2024_0F 87827HSMPREM_2024_0F 87826MAYACRE_2024_0F 
19:39:46 (adskflex) 87822SURFST_2024_0F 87821DESNST_2024_0F 87820ALSCPT_2024_0F 
19:39:46 (adskflex) 87819ALAUST_2024_0F 87818MBXPRO_2024_0F 87817MOBPRO_2024_0F 
19:39:46 (adskflex) 87814MAYA_2024_0F 878113DSMAX_2024_0F 87808MAP_2024_0F 
19:39:46 (adskflex) 87807ACDLTM_2024_0F 87806ACDMAC_2024_0F 87805BLDSYS_2024_0F 
19:39:46 (adskflex) 87804AMECH_PP_2024_0F 87803ACAD_E_2024_0F 87802ARCHDESK_2024_0F 
19:39:46 (adskflex) 87801PLNT3D_2024_0F 87800ARDES_2024_0F 87799ACDLT_2024_0F 
19:39:46 (adskflex) 87798ACD_2024_0F 87797INVPROSA_2024_0F 87795RSAPRO_2024_0F 
19:39:46 (adskflex) 87824MAYACRE_2023_0F 87796SCFDA_2023_0F 87794MFST_2023_0F 
19:39:46 (adskflex) 87793MFS_2023_0F 87792MFIAT_2023_0F 87791MFIA_2023_0F 
19:39:46 (adskflex) 87790MFAM_2023_0F 87789MFIB_2023_0F 87788MFIP_2023_0F 
19:39:46 (adskflex) 87787MFAA_2023_0F 87786ACMPAN_2023_0F 87785VLTEAD_2023_0F 
19:39:46 (adskflex) 87784INVTOL_2023_0F 87783TNNUINV_2023_0F 87782FDU_2023_0F 
19:39:46 (adskflex) 87781INFDS_2023_0F 87780IWICMS_2023_0F 87779INFDU_2023_0F 
19:39:46 (adskflex) 87778IWWSPRO_2023_0F 87777IWICMU_2023_0F 87776INFWP_2023_0F 
19:39:46 (adskflex) 87775NINCAD_2023_0F 87774A280_2023_0F 87773RCMVRD_2023_0F 
19:39:46 (adskflex) 87772VRDPRO_2023_0F 87771VRDPRS_2023_0F 87770VRDLE_2023_0F 
19:39:46 (adskflex) 87769VRDDES_2023_0F 87768VRDSRV_2023_0F 87767VEHTRK_2023_0F 
19:39:46 (adskflex) 87766SBRDES_2023_0F 87764IW360P_2023_0F 87763ESTMEP_2023_0F 
19:39:46 (adskflex) 87762CAMDCT_2023_0F 87761CADMEP_2023_0F 87760C3DGO_2023_0F 
19:39:46 (adskflex) 87759C3DPE_2023_0F 87758RVTLTS_2023_0F 87757ACDLTC_2023_0F 
19:39:46 (adskflex) 87756NTFABLS_2023_0F 87755SCFDM_2023_0F 87754SCDSE_2023_0F 
19:39:46 (adskflex) 87753ALSLE_2023_0F 87752ARNOL_2023_0F 87751K100_2023_0F 
19:39:46 (adskflex) 87750A400_2023_0F 87749A350_2023_0F 87748FLMEDU_2023_0F 
19:39:46 (adskflex) 87747A250_2023_0F 87746INTSER_2023_0F 87745INVETO_2023_0F 
19:39:46 (adskflex) 87744IETODEV_2023_0F 87743VLTWG_2023_0F 87742VLTM_2023_0F 
19:39:46 (adskflex) 87741PCOFFI_2023_0F 87739RECAP_2023_0F 87737PNTLAY_2023_0F 
19:39:46 (adskflex) 87736PWSULH_2023_0F 87733PMULHD_2023_0F 87732PMSLHD_2023_0F 
19:39:46 (adskflex) 87730PWIULH_2023_0F 87727FCMULH_2023_0F 87724RVTGD_2023_0F 
19:39:46 (adskflex) 87723PWRSU_2023_0F 87722PWRSS_2023_0F 87721PWRSP_2023_0F 
19:39:46 (adskflex) 87720PWRMU_2023_0F 87719PWRMS_2023_0F 87718PWRMP_2023_0F 
19:39:46 (adskflex) 87717PWRMMOD_2023_0F 87716PWRIU_2023_0F 87715PWRIS_2023_0F 
19:39:46 (adskflex) 87714PWRIP_2023_0F 87713PMAKER_2023_0F 87712NETFE_2023_0F 
19:39:46 (adskflex) 87711NETFS_2023_0F 87710NETFA_2023_0F 87709PMAKER_2023_0F 
19:39:46 (adskflex) 87708FCAMU_2023_0F 87707FCAMS_2023_0F 87706FCAMP_2023_0F 
19:39:46 (adskflex) 87705CAMTM_2023_0F 87704CAMTP_2023_0F 87703HSMPRM_2023_0F 
19:39:46 (adskflex) 87702HSMPRO_2023_0F 87701INHSMP_2023_0F 87700INVHSM_2023_0F 
19:39:46 (adskflex) 87699HSMULT_2023_0F 87698HSMPREM_2023_0F 87697NAVSIM_2023_0F 
19:39:46 (adskflex) 87696NAVMAN_2023_0F 87695MAXIO_2023_0F 876943DSMXS_2023_0F 
19:39:46 (adskflex) 876933DSMAX_2023_0F 87691ACDLTM_2023_0F 87690ACDMAC_2023_0F 
19:39:46 (adskflex) 87689RVTLT_2023_0F 87688RVT_2023_0F 87687CIV3D_2023_0F 
19:39:46 (adskflex) 87686ADSTPR_2023_0F 87685PLNT3D_2023_0F 87684BLDSYS_2023_0F 
19:39:46 (adskflex) 87683AMECH_PP_2023_0F 87682ACAD_E_2023_0F 87681ARCHDESK_2023_0F 
19:39:46 (adskflex) 87680MAP_2023_0F 87678ARDES_2023_0F 87677ACDLT_2023_0F 
19:39:46 (adskflex) 87676ACD_2023_0F 87675RSAPRO_2023_0F 87674INVPROSA_2023_0F 
19:39:46 (adskflex) 87673INVOEM_2023_0F 87672SURFST_2023_0F 87671DESNST_2023_0F 
19:39:46 (adskflex) 87670ALSCPT_2023_0F 87669ALAUST_2023_0F 87668MBXPRO_2023_0F 
19:39:46 (adskflex) 87667MOBPRO_2023_0F 87666MAYALT_2023_0F 87665MAYAIO_2023_0F 
19:39:46 (adskflex) 87664MAYAS_2023_0F 87663MAYA_2023_0F 87661VLTEAD_2022_0F 
19:39:46 (adskflex) 87659SCDSE_2022_0F 87658NTFABLS_2022_0F 87657SCFDM_2022_0F 
19:39:46 (adskflex) 87656INVTOL_2022_0F 87655MFST_2022_0F 87654MFS_2022_0F 
19:39:46 (adskflex) 87653MFIAT_2022_0F 87652MFIA_2022_0F 87651MFIB_2022_0F 
19:39:46 (adskflex) 87650MFIP_2022_0F 87649MFAA_2022_0F 87648MFAM_2022_0F 
19:39:46 (adskflex) 87647TNNUINV_2022_0F 87646RCMVRD_2022_0F 87645VRDPRO_2022_0F 
19:39:46 (adskflex) 87644VRDPRS_2022_0F 87643VRDDES_2022_0F 87641CAMTM_2022_0F 
19:39:46 (adskflex) 87640CAMTP_2022_0F 87639SURFST_2022_0F 87638DESNST_2022_0F 
19:39:46 (adskflex) 87637ALSCPT_2022_0F 87636ALAUST_2022_0F 87635FDU_2022_0F 
19:39:46 (adskflex) 87634INTSER_2022_0F 87633INVETO_2022_0F 87632IETODEV_2022_0F 
19:39:46 (adskflex) 87631K100_2022_0F 87630A400_2022_0F 87629A280_2022_0F 
19:39:46 (adskflex) 87628A350_2022_0F 87626A250_2022_0F 87625NINCAD_2022_0F 
19:39:46 (adskflex) 87624C3DGO_2022_0F 87623RECAP_2022_0F 87622MBXPRO_2022_0F 
19:39:46 (adskflex) 87621MOBPRO_2022_0F 87620MAYALT_2022_0F 87619MAYAIO_2022_0F 
19:39:46 (adskflex) 87618MAYAS_2022_0F 87617MAYA_2022_0F 87616ARNOL_2022_0F 
19:39:46 (adskflex) 87615C3DPE_2022_0F 87613VLTWG_2022_0F 87612VLTM_2022_0F 
19:39:46 (adskflex) 87611PCOFFI_2022_0F 87609NETFE_2022_0F 87608NETFS_2022_0F 
19:39:46 (adskflex) 87607NETFA_2022_0F 87606MPPUS_2022_0F 87605PWSULH_2022_0F 
19:39:46 (adskflex) 87604PWSSLH_2022_0F 87603PWSPLH_2022_0F 87602PMULHD_2022_0F 
19:39:46 (adskflex) 87601PMSLHD_2022_0F 87600PMPLHD_2022_0F 87599PWIULH_2022_0F 
19:39:46 (adskflex) 87598PWISLH_2022_0F 87597PWIPLH_2022_0F 87596FCMULH_2022_0F 
19:39:46 (adskflex) 87595FCMSLH_2022_0F 87594FCMPLH_2022_0F 87593PWRSU_2022_0F 
19:39:46 (adskflex) 87592PWRSS_2022_0F 87591PWRSP_2022_0F 87590PWRMU_2022_0F 
19:39:46 (adskflex) 87589PWRMS_2022_0F 87588PWRMP_2022_0F 87587PWRMMOD_2022_0F 
19:39:46 (adskflex) 87586PWRIU_2022_0F 87585PWRIS_2022_0F 87584PWRIP_2022_0F 
19:39:46 (adskflex) 87583PMAKER_2022_0F 87582FCAMU_2022_0F 87581FCAMS_2022_0F 
19:39:46 (adskflex) 87580FCAMP_2022_0F 87579HSMPRM_2022_0F 87578HSMPRO_2022_0F 
19:39:46 (adskflex) 87577INHSMP_2022_0F 87576INVHSM_2022_0F 87575HSMULT_2022_0F 
19:39:46 (adskflex) 87574HSMPREM_2022_0F 87573PNTLAY_2022_0F 87572C3DPE_2022_0F 
19:39:46 (adskflex) 87571SIMDFM_2022_0F 87570MAXIO_2022_0F 875693DSMXS_2022_0F 
19:39:46 (adskflex) 875683DSMAX_2022_0F 87567NAVSIM_2022_0F 87610SCFDA_2022_0F 
19:39:46 (adskflex) 87566NAVMAN_2022_0F 87565VEHTRK_2022_0F 87564SBRDES_2022_0F 
19:39:46 (adskflex) 87563RVTLT_2022_0F 87562RVTGD_2022_0F 87561RVT_2022_0F 
19:39:46 (adskflex) 87560IW360P_2022_0F 87559ESTMEP_2022_0F 87558CAMDCT_2022_0F 
19:39:46 (adskflex) 87557CADMEP_2022_0F 87556CIV3D_2022_0F 87553ADSTPR_2022_0F 
19:39:46 (adskflex) 87552ACDLTM_2022_0F 87551ACDMAC_2022_0F 87548MAP_2022_0F 
19:39:46 (adskflex) 87547ARDES_2022_0F 87546ACDLT_2022_0F 87545ACD_2022_0F 
19:39:46 (adskflex) 87544PLNT3D_2022_0F 87543BLDSYS_2022_0F 87542AMECH_PP_2022_0F 
19:39:46 (adskflex) 87541ACAD_E_2022_0F 87540ARCHDESK_2022_0F 87539T1MFPB_2022_0F 
19:39:46 (adskflex) 87538EMFEB_2022_0F 87537INVPROSA_2022_0F 87536INVOEM_2022_0F 
19:39:46 (adskflex) 87535INVLT_2022_0F 87534INVNTOR_2022_0F 87533RSAPRO_2022_0F 
19:39:46 (adskflex) 87532SCDSE_2021_0F 87531VLTEAD_2021_0F 87530SCFDM_2021_0F 
19:39:46 (adskflex) 87529INVTOL_2021_0F 87528SBPNL_2021_0F 87527MFST_2021_0F 
19:39:46 (adskflex) 87526MFS_2021_0F 87525MFIAT_2021_0F 87524MFIA_2021_0F 
19:39:46 (adskflex) 87523MFIB_2021_0F 87522MFIP_2021_0F 87521MFAA_2021_0F 
19:39:46 (adskflex) 87520MFAM_2021_0F 87519ACMPAN_2021_0F 87518RVTGD_2021_0F 
19:39:46 (adskflex) 87517TRUNEST_2021_0F 87516TRCMPU_2021_0F 87515TRCMPS_2021_0F 
19:39:46 (adskflex) 87514TNNUINV_2021_0F 87513TRUNST_2021_0F 87512MAYA_2021_0F 
19:39:46 (adskflex) 87511VRDSRV_2021_0F 87510RCMVRD_2021_0F 87509VRDPRO_2021_0F 
19:39:46 (adskflex) 87508VRDPRS_2021_0F 87507VRDDES_2021_0F 87506WTGTWY_2021_0F 
19:39:46 (adskflex) 87505SURFST_2021_0F 87504DESNST_2021_0F 87503ALSCPT_2021_0F 
19:39:46 (adskflex) 87502ALAUST_2021_0F 87501LSTRSR_2021_0F 87500LSTRBRN_2021_0F 
19:39:46 (adskflex) 87499K100_2021_0F 87498A400_2021_0F 87497A280_2021_0F 
19:39:46 (adskflex) 87496A350_2021_0F 87495FLMEDU_2021_0F 87494A250_2021_0F 
19:39:46 (adskflex) 87493C300_2021_0F 87492NTFABLS_2021_0F 87491PWSULH_2021_0F 
19:39:46 (adskflex) 87490PWSSLH_2021_0F 87489PWSPLH_2021_0F 87488PMULHD_2021_0F 
19:39:46 (adskflex) 87487PMSLHD_2021_0F 87486PMPLHD_2021_0F 87485PWIULH_2021_0F 
19:39:46 (adskflex) 87484PWISLH_2021_0F 87483PWIPLH_2021_0F 87482FCMULH_2021_0F 
19:39:46 (adskflex) 87481FCMSLH_2021_0F 87480PWRSU_2021_0F 87479PWRSS_2021_0F 
19:39:46 (adskflex) 87478PWRSP_2021_0F 87477PWRMU_2021_0F 87476PWRMS_2021_0F 
19:39:46 (adskflex) 87475NINCAD_2021_0F 87474RECAP_2021_0F 87473PWRMP_2021_0F 
19:39:46 (adskflex) 87472PWRMMOD_2021_0F 87471PWRIU_2021_0F 87470PWRIS_2021_0F 
19:39:46 (adskflex) 87469PWRIP_2021_0F 87468PMAKER_2021_0F 87467NETFE_2021_0F 
19:39:46 (adskflex) 87466NETFS_2021_0F 87465NETFA_2021_0F 87464MPPUS_2021_0F 
19:39:46 (adskflex) 87463FCAMU_2021_0F 87462FCAMS_2021_0F 87461FCAMP_2021_0F 
19:39:46 (adskflex) 87460FCMPLH_2021_0F 87459PNTLAY_2021_0F 874583DSMAX_2021_0F 
19:39:46 (adskflex) 87457FDU_2021_0F 87456INTSER_2021_0F 87455INVETO_2021_0F 
19:39:46 (adskflex) 87454IETODEV_2021_0F 87453MOBPRO_2021_0F 87451MBXPRO_2021_0F 
19:39:46 (adskflex) 87447ENCSU_2021_0F 87446MXECS_2021_0F 87445CIV3D_2021_0F 
19:39:46 (adskflex) 87444RVTLT_2021_0F 87443RVT_2021_0F 87442INHSMP_2021_0F 
19:39:46 (adskflex) 87441INVHSM_2021_0F 87440HSMULT_2021_0F 87439HSMPREM_2021_0F 
19:39:46 (adskflex) 87438HSMPRM_2021_0F 87437HSMPRO_2021_0F 87436ADSTPR_2021_0F 
19:39:46 (adskflex) 87435RRI2ADD_2021_0F 87434INVLTS_2021_0F 87433PDSU_2021_0F 
19:39:46 (adskflex) 87432PDSP_2021_0F 87431FDSADV_2021_0F 87430FDSS_2021_0F 
19:39:46 (adskflex) 87429FDSPRM_2021_0F 87428SBRDES_2021_0F 87427VEHTRK_2021_0F 
19:39:46 (adskflex) 87426IW360P_2021_0F 87425ESTMEP_2021_0F 87424CAMDCT_2021_0F 
19:39:46 (adskflex) 87423CADMEP_2021_0F 87422RVTLTS_2021_0F 87421ACDLTC_2021_0F 
19:39:46 (adskflex) 87420SFS_2021_0F 87419MEPCS_2021_0F 87418IDSU_2021_0F 
19:39:46 (adskflex) 87417IDSS_2021_0F 87416IDSP_2021_0F 87415PDSADV_2021_0F 
19:39:46 (adskflex) 87414PLTDSS_2021_0F 87413PDSPRM_2021_0F 87412BDSADV_2021_0F 
19:39:46 (adskflex) 87411BDSS_2021_0F 87410BDSPRM_2021_0F 87409MAXIO_2021_0F 
19:39:46 (adskflex) 874083DSMXS_2021_0F 87407NAVSIM_2021_0F 87406NAVMAN_2021_0F 
19:39:46 (adskflex) 87405ACDLTM_2021_0F 87404ACDMAC_2021_0F 87403MAP_2021_0F 
19:39:46 (adskflex) 87402PLNT3D_2021_0F 87401BLDSYS_2021_0F 87400AMECH_PP_2021_0F 
19:39:46 (adskflex) 87399ACAD_E_2021_0F 87398ARCHDESK_2021_0F 87397ARDES_2021_0F 
19:39:46 (adskflex) 87396ACDLT_2021_0F 87395DSSTD_2021_0F 87394DSPRM_2021_0F 
19:39:46 (adskflex) 87393ACD_2021_0F 87392VLTWG_2021_0F 87391VLTM_2021_0F 
19:39:46 (adskflex) 87390PCOFFI_2021_0F 87389RSAPRO_2021_0F 87385INVPROSA_2021_0F 
19:39:46 (adskflex) 87384INVOEM_2021_0F 87383INVLT_2021_0F 87382INVNTOR_2021_0F 
19:39:46 (adskflex) 87387IW360P_2020_0F 87386VLTEAD_2020_0F 87381INVTOL_2020_0F 
19:39:46 (adskflex) 87380T1MFPB_2020_0F 87379T1MFSB_2020_0F 87378T1MFPV_2020_0F 
19:39:46 (adskflex) 87377T1MF_2020_0F 87376EMFEB_2020_0F 87375NTFABLS_2020_0F 
19:39:46 (adskflex) 87374SCDSE_2020_0F 87373SCFDM_2020_0F 87372SCFDA_2020_0F 
19:39:46 (adskflex) 87371VRDSRV_2020_0F 87370RCMVRD_2020_0F 87369VRDPRO_2020_0F 
19:39:46 (adskflex) 87368VRDPRS_2020_0F 87367VRDDES_2020_0F 87366ACMPAN_2020_0F 
19:39:46 (adskflex) 87365TRUNST_2020_0F 87364TRUNEST_2020_0F 87363TRCMPU_2020_0F 
19:39:46 (adskflex) 87362TRCMPS_2020_0F 87361TNNUINV_2020_0F 87360SBPNL_2020_0F 
19:39:46 (adskflex) 87359NETFS_2020_0F 87358FCMULH_2020_0F 87357PWRSP_2020_0F 
19:39:46 (adskflex) 87356VLTWG_2020_0F 87355VLTM_2020_0F 87354PCOFFI_2020_0F 
19:39:46 (adskflex) 87353PWSSLH_2020_0F 87352PWSULH_2020_0F 87351PWSPLH_2020_0F 
19:39:46 (adskflex) 87350PMULHD_2020_0F 87349PMSLHD_2020_0F 87348PMPLHD_2020_0F 
19:39:46 (adskflex) 87347PWIULH_2020_0F 87346PWISLH_2020_0F 87345PWIPLH_2020_0F 
19:39:46 (adskflex) 87344FCMSLH_2020_0F 87343FCMPLH_2020_0F 87342PWRSU_2020_0F 
19:39:46 (adskflex) 87341PWRSS_2020_0F 87340PWRMU_2020_0F 87339PWRMS_2020_0F 
19:39:46 (adskflex) 87338PWRMP_2020_0F 87337PWRMMOD_2020_0F 87336PWRIU_2020_0F 
19:39:46 (adskflex) 87335PWRIS_2020_0F 87334PWRIP_2020_0F 87333PMAKER_2020_0F 
19:39:46 (adskflex) 87332NETFE_2020_0F 87331NETFA_2020_0F 87330MFGDEXUTLP_2020_0F 
19:39:46 (adskflex) 87329MPPUS_2020_0F 87328FCAMU_2020_0F 87327FCAMS_2020_0F 
19:39:46 (adskflex) 87326FCAMP_2020_0F 87325ESTMEP_2020_0F 87324CAMDCT_2020_0F 
19:39:46 (adskflex) 87323CADMEP_2020_0F 87322MFST_2020_0F 87321MFS_2020_0F 
19:39:46 (adskflex) 87320MFIAT_2020_0F 87319MFIA_2020_0F 87318MFIB_2020_0F 
19:39:46 (adskflex) 87317MFIP_2020_0F 87316MFAA_2020_0F 87315MFAM_2020_0F 
19:39:46 (adskflex) 87314ACDLTC_2020_0F 87313MBXPRO_2020_0F 87312MOBPRO_2020_0F 
19:39:46 (adskflex) 87311MAYALT_2020_0F 87310MAYAIO_2020_0F 87309FDU_2020_0F 
19:39:46 (adskflex) 87308PNTLAY_2020_0F 87307NAVSIM_2020_0F 87306NAVMAN_2020_0F 
19:39:46 (adskflex) 87305INVETO_2020_0F 87304INTSER_2020_0F 87303IETODEV_2020_0F 
19:39:46 (adskflex) 87302NINCAD_2020_0F 87301WTGTWY_2020_0F 87300LSTRSR_2020_0F 
19:39:46 (adskflex) 87299LSTRBRN_2020_0F 87298K100_2020_0F 87297A400_2020_0F 
19:39:46 (adskflex) 87296A280_2020_0F 87295A350_2020_0F 87294FLMEDU_2020_0F 
19:39:46 (adskflex) 87293A250_2020_0F 87292C300_2020_0F 87291DESNST_2020_0F 
19:39:46 (adskflex) 87290ALSCPT_2020_0F 87289SURFST_2020_0F 87288ALAUST_2020_0F 
19:39:46 (adskflex) 87287ARNOL_2020_0F 87286ACDLTM_2020_0F 87285ACDMAC_2020_0F 
19:39:46 (adskflex) 87283MAYA_2020_0F 87282RECAP_2020_0F 87279MYECS_2020_0F 
19:39:46 (adskflex) 87278MAYAS_2020_0F 87277ENCSU_2020_0F 87276MXECS_2020_0F 
19:39:46 (adskflex) 87275FDSADV_2020_0F 87274FDSS_2020_0F 87273FDSPRM_2020_0F 
19:39:46 (adskflex) 87272DSSTD_2020_0F 87271DSPRM_2020_0F 87270HSMPRO_2020_0F 
19:39:46 (adskflex) 87269HSMPRM_2020_0F 87268INHSMP_2020_0F 87267INVHSM_2020_0F 
19:39:46 (adskflex) 87266HSMULT_2020_0F 87265HSMPREM_2020_0F 87264RRI2ADD_2020_0F 
19:39:46 (adskflex) 87263VEHTRK_2020_0F 87262SFS_2020_0F 87261SBRDES_2020_0F 
19:39:46 (adskflex) 87260RVTLT_2020_0F 87259RVT_2020_0F 87258PDSADV_2020_0F 
19:39:46 (adskflex) 87257PLTDSS_2020_0F 87256PDSPRM_2020_0F 87255MEPCS_2020_0F 
19:39:46 (adskflex) 87254IDSU_2020_0F 87253IDSS_2020_0F 87252IDSP_2020_0F 
19:39:46 (adskflex) 87251CIV3D_2020_0F 87250BDSADV_2020_0F 87249BDSS_2020_0F 
19:39:46 (adskflex) 87248BDSPRM_2020_0F 87247RVTLTS_2020_0F 87246ADSTPR_2020_0F 
19:39:46 (adskflex) 87245RSAPRO_2020_0F 87244MAXIO_2020_0F 872433DSMXS_2020_0F 
19:39:46 (adskflex) 872423DSMAX_2020_0F 87241PLNT3D_2020_0F 87240MAP_2020_0F 
19:39:46 (adskflex) 87237PDSU_2020_0F 87236PDSP_2020_0F 87235INVPROSA_2020_0F 
19:39:46 (adskflex) 87234INVOEM_2020_0F 87233INVLT_2020_0F 87232INVNTOR_2020_0F 
19:39:46 (adskflex) 87231INVLTS_2020_0F 87230BLDSYS_2020_0F 87229AMECH_PP_2020_0F 
19:39:46 (adskflex) 87228ACAD_E_2020_0F 87227ARCHDESK_2020_0F 87226ARDES_2020_0F 
19:39:46 (adskflex) 87225ACDLT_2020_0F 87224ACD_2020_0F 
19:39:46 (adskflex) EXTERNAL FILTERS are OFF
19:39:46 (lmgrd) adskflex using TCP-port 2080
19:39:46 (adskflex_pluggin) INFO: Loading lib Z:\app\adskflex_plugin.dll
19:39:46 (adskflex_pluggin) INFO: Plugin not loaded, NLM Server is running in Non Reporting mode.
19:39:46 (adskflex) SLOG: Statistics Log Frequency is 240 minute(s).
19:39:46 (adskflex) SLOG: TS update poll interval is 600 seconds.
19:39:46 (adskflex) SLOG: Activation borrow reclaim percentage is 0.
19:39:46 (adskflex) (@adskflex-SLOG@) ===============================================
19:39:46 (adskflex) (@adskflex-SLOG@) === Vendor Daemon ===
19:39:46 (adskflex) (@adskflex-SLOG@) Vendor daemon: adskflex
19:39:46 (adskflex) (@adskflex-SLOG@) Start-Date: Sat Mar 21 2026 19:39:46 Greenwich Standard Time
19:39:46 (adskflex) (@adskflex-SLOG@) PID: 244
19:39:46 (adskflex) (@adskflex-SLOG@) VD Version: v11.19.4.1 build 291070 x64_n6 ( build 291070 (ipv6))
19:39:46 (adskflex) (@adskflex-SLOG@) 
19:39:46 (adskflex) (@adskflex-SLOG@) === Startup/Restart Info ===
19:39:46 (adskflex) (@adskflex-SLOG@) Options file used: None
19:39:46 (adskflex) (@adskflex-SLOG@) Is vendor daemon a CVD: No
19:39:46 (adskflex) (@adskflex-SLOG@) Is FlexNet Licensing Service installed and compatible: No
19:39:46 (adskflex) (@adskflex-SLOG@) FlexNet Licensing Service Version: -NA-
19:39:46 (adskflex) (@adskflex-SLOG@) Is TS accessed: No
19:39:46 (adskflex) (@adskflex-SLOG@) TS access time: -NA-
19:39:46 (adskflex) (@adskflex-SLOG@) Number of VD restarts since LS startup: 0
19:39:46 (adskflex) (@adskflex-SLOG@) 
19:39:46 (adskflex) (@adskflex-SLOG@) === Network Info ===
19:39:46 (adskflex) (@adskflex-SLOG@) Listening port: 2080
19:39:46 (adskflex) (@adskflex-SLOG@) Daemon select timeout (in seconds): 1
19:39:46 (adskflex) (@adskflex-SLOG@) 
19:39:46 (adskflex) (@adskflex-SLOG@) === Host Info ===
19:39:46 (adskflex) (@adskflex-SLOG@) Host used in license file: win-license-lab
19:39:46 (adskflex) (@adskflex-SLOG@) HostID node-locked in license file: 66128fd23630 
19:39:46 (adskflex) (@adskflex-SLOG@) HostID of the License Server: 66128fd23630
19:39:46 (adskflex) (@adskflex-SLOG@) Running on Hypervisor: Not determined - treat as Physical
19:39:46 (adskflex) (@adskflex-SLOG@) ===============================================
19:39:46 (adskflex) Ecomms: Encrypted Communication disabled
19:39:46 (adskflex) TCP_NODELAY NOT enabled
19:39:46 (adskflex) Listener Thread: running
19:39:46 (adskflex) Starting diagnostics port listener thread (DPLT)
19:39:46 (adskflex) Starting diagnostics output thread (DRQT)
19:39:46 (adskflex) DPLT: running
19:39:46 (adskflex) DRQT: running
19:39:46 (adskflex) DPLT: Diagnostic Functionality is unable to access AF_UNIX socket
19:39:46 (adskflex) DPLT: Diagnostic Functionality is not supported on this platform
23:39:46 (adskflex) (@adskflex-SLOG@) ===============================================
23:39:46 (adskflex) (@adskflex-SLOG@) === Last 10 Client Requests Processing Time (in ms) ===
23:39:46 (adskflex) (@adskflex-SLOG@) Time: Sat Mar 21 2026 23:39:46 Greenwich Standard Time
23:39:46 (adskflex) (@adskflex-SLOG@) Request processing time, when, #concurrent clients, (private bytes (in KB)), client info (user, node, FD)
23:39:46 (adskflex) (@adskflex-SLOG@) 
23:39:46 (adskflex) (@adskflex-SLOG@) === Top 10 Peak Client Requests Processing Time (in ms) ===
23:39:46 (adskflex) (@adskflex-SLOG@) Time: Sat Mar 21 2026 23:39:46 Greenwich Standard Time
23:39:46 (adskflex) (@adskflex-SLOG@) Request processing time, when, #concurrent clients, (private bytes (in KB)), client info (user, node, FD)
23:39:46 (adskflex) (@adskflex-SLOG@) 
23:39:46 (adskflex) (@adskflex-SLOG@) === Top 10 Peak In-house Operations time (in ms) ===
23:39:46 (adskflex) (@adskflex-SLOG@) NOTE: Peak times greater than 4 seconds get recorded.
23:39:46 (adskflex) (@adskflex-SLOG@) Time: Sat Mar 21 2026 23:39:46 Greenwich Standard Time
23:39:46 (adskflex) (@adskflex-SLOG@) In-house operation time, when, #concurrent clients
23:39:46 (adskflex) (@adskflex-SLOG@) 
23:39:46 (adskflex) (@adskflex-SLOG@) === Active Connections Info ===
23:39:46 (adskflex) (@adskflex-SLOG@) 
23:39:46 (adskflex) (@adskflex-SLOG@) === Memory Usage Info ===
23:39:46 (adskflex) (@adskflex-SLOG@) ===============================================
 1:39:39 (lmgrd) TIMESTAMP 3/22/2026
 1:44:49 (adskflex) TIMESTAMP 3/22/2026
 2:12:56 (adskflex) Lost connection to lmgrd, heartbeat timeout expired, exiting.
 2:12:56 (adskflex) Heartbeat timeout is 300 seconds. Elapsed time is 1407 seconds.
 2:12:56 (adskflex) EXITING DUE TO SIGNAL 28 Exit reason 5
 2:13:01 (lmgrd) adskflex exited with status 28 (Communications error)
 2:13:01 (lmgrd) Since this is an unknown status, license server 
 2:13:01 (lmgrd) manager (lmgrd) will attempt to re-start the vendor daemon.
 2:13:01 (lmgrd) Starting vendor daemon at port 2080
 2:13:01 (lmgrd) Using vendor daemon port 2080 specified in license file
 2:13:01 (lmgrd) REStarted adskflex (pid 292)
 2:13:02 (adskflex) FlexNet Licensing version v11.19.4.1 build 291070 x64_n6
 2:13:02 (adskflex) SLOG: Summary LOG statistics is enabled.
 2:13:02 (adskflex) SLOG: FNPLS-INTERNAL-CKPT1
 2:13:02 (adskflex) SLOG: VM Status: 0
 2:13:02 (adskflex) SLOG: FNPLS-INTERNAL-CKPT5
 2:13:02 (adskflex) SLOG: TPM Status: 0
 2:13:02 (adskflex) SLOG: FNPLS-INTERNAL-CKPT6
 2:13:11 (adskflex) Server started on win-license-lab for:	88179IWICMU_2026_0F 
 2:13:11 (adskflex) 88176INFDU_2026_0F 88173IWWSPRO_2026_0F 88169ARNOL_2026_0F 
 2:13:11 (adskflex) 88157INVTOL_2026_0F 88152NINCAD_2026_0F 88151SCFDM_2026_0F 
 2:13:11 (adskflex) 88150SCFDA_2026_0F 88147SCDSE_2026_0F 88145VLTM_2026_0F 
 2:13:11 (adskflex) 88143PCOFFI_2026_0F 88141RECAP_2026_0F 88140ADSTPR_2026_0F 
 2:13:11 (adskflex) 88139MBXPRO_2026_0F 88138MOBPRO_2026_0F 88134MAYACRE_2026_0F 
 2:13:11 (adskflex) 88131MAYA_2026_0F 881273DSMAX_2026_0F 88080HSMPRM_2026_0F 
 2:13:11 (adskflex) 88076INHSMP_2026_0F 88073HSMULT_2026_0F 88070HSMPREM_2026_0F 
 2:13:11 (adskflex) 88068MFS_2026_0F 88067MFIA_2026_0F 88066MFIB_2026_0F 
 2:13:11 (adskflex) 88065MFIP_2026_0F 88064MFAA_2026_0F 88062MFAM_2026_0F 
 2:13:11 (adskflex) 88060ACMPAN_2026_0F 88049ESTMEP_2026_0F 88048CAMDCT_2026_0F 
 2:13:11 (adskflex) 88046CADMEP_2026_0F 88045IW360P_2026_0F 88042RVT_2026_0F 
 2:13:11 (adskflex) 88041SBRDES_2026_0F 88040VEHTRK_2026_0F 88038PNTLAY_2026_0P 
 2:13:11 (adskflex) 88037NAVSIM_2026_0F 88036NAVMAN_2026_0F 88035CIV3D_2026_0F 
 2:13:11 (adskflex) 88034RSAPRO_2026_0F 88033MAP_2026_0F 88030AMECH_PP_2026_0F 
 2:13:11 (adskflex) 88029BLDSYS_2026_0F 88028ACAD_E_2026_0F 88027ARCHDESK_2026_0F 
 2:13:11 (adskflex) 88026INVPROSA_2026_0F 88025ARDES_2026_0F 88024ACDLT_2026_0F 
 2:13:11 (adskflex) 88023ACD_2026_0F 88022PLNT3D_2026_0F 88021IW360P_2025_0F 
 2:13:11 (adskflex) 88017RCMVRD_2025_0F 88016VRDPRO_2025_0F 88014VRDPRS_2025_0F 
 2:13:11 (adskflex) 88012VRDDES_2025_0F 88011VRDSRV_2025_0F 88009MFS_2025_0F 
 2:13:11 (adskflex) 88008MFIA_2025_0F 88007MFIB_2025_0F 88006MFIP_2025_0F 
 2:13:11 (adskflex) 88005MFAA_2025_0F 88004MFAM_2025_0F 88003ACMPAN_2025_0F 
 2:13:11 (adskflex) 88001TNNUINV_2025_0F 87999INVTOL_2025_0F 87998INFDU_2025_0F 
 2:13:11 (adskflex) 87996RECAP_2025_0F 87995IWWSPRO_2025_0F 87994IWICMU_2025_0F 
 2:13:11 (adskflex) 87992INFWP_2025_0F 87991VLTM_2025_0F 87990PCOFFI_2025_0F 
 2:13:11 (adskflex) 87989FDU_2025_0F 87988NINCAD_2025_0F 87987ARNOL_2025_0F 
 2:13:11 (adskflex) 87980PWSULH_2025_0F 87979PMULHD_2025_0F 87977PWIULH_2025_0F 
 2:13:11 (adskflex) 87976FCMULH_2025_0F 87975PWRSU_2025_0F 87974NTFABLS_2025_0F 
 2:13:11 (adskflex) 87974NETFS_2025_0F 87970PWRMU_2025_0F 87969PWRIU_2025_0F 
 2:13:11 (adskflex) 87968PWRMMOD_2025_0F 87967PMAKER_2025_0F 87965NETFE_2025_0F 
 2:13:11 (adskflex) 87964FCAMU_2025_0F 87964NETFA_2025_0F 87963CAMTP_2025_0F 
 2:13:11 (adskflex) 87961HSMPRM_2025_0F 87960HSMPRO_2025_0F 87959INHSMP_2025_0F 
 2:13:11 (adskflex) 87958INVHSM_2025_0F 87957HSMULT_2025_0F 87956HSMPREM_2025_0F 
 2:13:11 (adskflex) 87955PNTLAY_2025_0F 87954NAVSIM_2025_0F 87953NAVMAN_2025_0F 
 2:13:11 (adskflex) 87952VEHTRK_2025_0F 87951SBRDES_2025_0F 87950ESTMEP_2025_0F 
 2:13:11 (adskflex) 87948CAMDCT_2025_0F 87947CADMEP_2025_0F 87946RVTLT_2025_0F 
 2:13:11 (adskflex) 87945RVT_2025_0F 87943MOBPRO_2025_0F 87943MBXPRO_2025_0F 
 2:13:11 (adskflex) 87942MAYACRE_2025_0F 87940MAYA_2025_0F 879373DSMAX_2025_0F 
 2:13:11 (adskflex) 87936SURFST_2025_0F 87936ALSLE_2025_0F 87935ALSCPT_2025_0F 
 2:13:11 (adskflex) 87934ALAUST_2025_0F 87933ADSTPR_2025_0F 87932CIV3D_2025_0F 
 2:13:11 (adskflex) 87931INVPROSA_2025_0F 87930MAP_2025_0F 87929ACDLTM_2025_0F 
 2:13:11 (adskflex) 87928ACDMAC_2025_0F 87927RSAPRO_2025_0F 87926BLDSYS_2025_0F 
 2:13:11 (adskflex) 87925AMECH_PP_2025_0F 87924ACAD_E_2025_0F 87923ARCHDESK_2025_0F 
 2:13:11 (adskflex) 87922PLNT3D_2025_0F 87921ARDES_2025_0F 87920ACDLT_2025_0F 
 2:13:11 (adskflex) 87919ACD_2025_0F 87918INVTOL_2024_0F 87916TNNUINV_2024_0F 
 2:13:11 (adskflex) 87914MFS_2024_0F 87913MFIA_2024_0F 87912MFIB_2024_0F 
 2:13:11 (adskflex) 87911MFIP_2024_0F 87910MFAA_2024_0F 87909RCMVRD_2024_0F 
 2:13:11 (adskflex) 87908VRDPRO_2024_0F 87907VRDPRS_2024_0F 87906VRDLE_2024_0F 
 2:13:11 (adskflex) 87905VRDDES_2024_0F 87904VRDSRV_2024_0F 87903SCDSE_2024_0F 
 2:13:11 (adskflex) 87900NINCAD_2024_0F 87899SCFDM_2024_0F 87898SCFDA_2024_0F 
 2:13:11 (adskflex) 87897IWWSPRO_2024_0F 87896IWICMU_2024_0F 87894INFWP_2024_0F 
 2:13:11 (adskflex) 87893ARNOL_2024_0F 87892INFDU_2024_0F 87890FDU_2024_0F 
 2:13:11 (adskflex) 87889VLTM_2024_0F 87888PCOFFI_2024_0F 87883A250_2024_0F 
 2:13:11 (adskflex) 87882RECAP_2024_0F 87881NETFE_2024_0F 87880NETFS_2024_0F 
 2:13:11 (adskflex) 87879NETFA_2024_0F 87878NTFABLS_2024_0F 87877VEHTRK_2024_0F 
 2:13:11 (adskflex) 87876SBRDES_2024_0F 87874RVTGD_2024_0F 87874RVTLT_2024_0F 
 2:13:11 (adskflex) 87873RVT_2024_0F 87872IW360P_2024_0F 87871ESTMEP_2024_0F 
 2:13:11 (adskflex) 87870CAMDCT_2024_0F 87869CADMEP_2024_0F 87867CIV3D_2024_0F 
 2:13:11 (adskflex) 87864ADSTPR_2024_0F 87863PNTLAY_2024_0F 87862NAVSIM_2024_0F 
 2:13:11 (adskflex) 87861NAVMAN_2024_0F 87860PWRSU_2024_0F 87859PWRSS_2024_0F 
 2:13:11 (adskflex) 87858PWRSP_2024_0F 87857PWRIU_2024_0F 87856PWRIS_2024_0F 
 2:13:11 (adskflex) 87855PWRIP_2024_0F 87854PMAKER_2024_0F 87852FCAMU_2024_0F 
 2:13:11 (adskflex) 87851FCAMS_2024_0F 87850FCAMP_2024_0F 87849CAMTM_2024_0F 
 2:13:11 (adskflex) 87848CAMTP_2024_0F 87836PWRMU_2024_0F 87835PWRMS_2024_0F 
 2:13:11 (adskflex) 87834PWRMP_2024_0F 87833PWRMMOD_2024_0F 87832HSMPRM_2024_0F 
 2:13:11 (adskflex) 87831HSMPRO_2024_0F 87830INHSMP_2024_0F 87829INVHSM_2024_0F 
 2:13:11 (adskflex) 87828HSMULT_2024_0F 87827HSMPREM_2024_0F 87826MAYACRE_2024_0F 
 2:13:11 (adskflex) 87822SURFST_2024_0F 87821DESNST_2024_0F 87820ALSCPT_2024_0F 
 2:13:11 (adskflex) 87819ALAUST_2024_0F 87818MBXPRO_2024_0F 87817MOBPRO_2024_0F 
 2:13:11 (adskflex) 87814MAYA_2024_0F 878113DSMAX_2024_0F 87808MAP_2024_0F 
 2:13:11 (adskflex) 87807ACDLTM_2024_0F 87806ACDMAC_2024_0F 87805BLDSYS_2024_0F 
 2:13:11 (adskflex) 87804AMECH_PP_2024_0F 87803ACAD_E_2024_0F 87802ARCHDESK_2024_0F 
 2:13:11 (adskflex) 87801PLNT3D_2024_0F 87800ARDES_2024_0F 87799ACDLT_2024_0F 
 2:13:11 (adskflex) 87798ACD_2024_0F 87797INVPROSA_2024_0F 87795RSAPRO_2024_0F 
 2:13:11 (adskflex) 87824MAYACRE_2023_0F 87796SCFDA_2023_0F 87794MFST_2023_0F 
 2:13:11 (adskflex) 87793MFS_2023_0F 87792MFIAT_2023_0F 87791MFIA_2023_0F 
 2:13:11 (adskflex) 87790MFAM_2023_0F 87789MFIB_2023_0F 87788MFIP_2023_0F 
 2:13:11 (adskflex) 87787MFAA_2023_0F 87786ACMPAN_2023_0F 87785VLTEAD_2023_0F 
 2:13:11 (adskflex) 87784INVTOL_2023_0F 87783TNNUINV_2023_0F 87782FDU_2023_0F 
 2:13:11 (adskflex) 87781INFDS_2023_0F 87780IWICMS_2023_0F 87779INFDU_2023_0F 
 2:13:11 (adskflex) 87778IWWSPRO_2023_0F 87777IWICMU_2023_0F 87776INFWP_2023_0F 
 2:13:11 (adskflex) 87775NINCAD_2023_0F 87774A280_2023_0F 87773RCMVRD_2023_0F 
 2:13:11 (adskflex) 87772VRDPRO_2023_0F 87771VRDPRS_2023_0F 87770VRDLE_2023_0F 
 2:13:11 (adskflex) 87769VRDDES_2023_0F 87768VRDSRV_2023_0F 87767VEHTRK_2023_0F 
 2:13:11 (adskflex) 87766SBRDES_2023_0F 87764IW360P_2023_0F 87763ESTMEP_2023_0F 
 2:13:11 (adskflex) 87762CAMDCT_2023_0F 87761CADMEP_2023_0F 87760C3DGO_2023_0F 
 2:13:11 (adskflex) 87759C3DPE_2023_0F 87758RVTLTS_2023_0F 87757ACDLTC_2023_0F 
 2:13:11 (adskflex) 87756NTFABLS_2023_0F 87755SCFDM_2023_0F 87754SCDSE_2023_0F 
 2:13:11 (adskflex) 87753ALSLE_2023_0F 87752ARNOL_2023_0F 87751K100_2023_0F 
 2:13:11 (adskflex) 87750A400_2023_0F 87749A350_2023_0F 87748FLMEDU_2023_0F 
 2:13:11 (adskflex) 87747A250_2023_0F 87746INTSER_2023_0F 87745INVETO_2023_0F 
 2:13:11 (adskflex) 87744IETODEV_2023_0F 87743VLTWG_2023_0F 87742VLTM_2023_0F 
 2:13:11 (adskflex) 87741PCOFFI_2023_0F 87739RECAP_2023_0F 87737PNTLAY_2023_0F 
 2:13:11 (adskflex) 87736PWSULH_2023_0F 87733PMULHD_2023_0F 87732PMSLHD_2023_0F 
 2:13:11 (adskflex) 87730PWIULH_2023_0F 87727FCMULH_2023_0F 87724RVTGD_2023_0F 
 2:13:11 (adskflex) 87723PWRSU_2023_0F 87722PWRSS_2023_0F 87721PWRSP_2023_0F 
 2:13:11 (adskflex) 87720PWRMU_2023_0F 87719PWRMS_2023_0F 87718PWRMP_2023_0F 
 2:13:11 (adskflex) 87717PWRMMOD_2023_0F 87716PWRIU_2023_0F 87715PWRIS_2023_0F 
 2:13:11 (adskflex) 87714PWRIP_2023_0F 87713PMAKER_2023_0F 87712NETFE_2023_0F 
 2:13:11 (adskflex) 87711NETFS_2023_0F 87710NETFA_2023_0F 87709PMAKER_2023_0F 
 2:13:11 (adskflex) 87708FCAMU_2023_0F 87707FCAMS_2023_0F 87706FCAMP_2023_0F 
 2:13:11 (adskflex) 87705CAMTM_2023_0F 87704CAMTP_2023_0F 87703HSMPRM_2023_0F 
 2:13:11 (adskflex) 87702HSMPRO_2023_0F 87701INHSMP_2023_0F 87700INVHSM_2023_0F 
 2:13:11 (adskflex) 87699HSMULT_2023_0F 87698HSMPREM_2023_0F 87697NAVSIM_2023_0F 
 2:13:11 (adskflex) 87696NAVMAN_2023_0F 87695MAXIO_2023_0F 876943DSMXS_2023_0F 
 2:13:11 (adskflex) 876933DSMAX_2023_0F 87691ACDLTM_2023_0F 87690ACDMAC_2023_0F 
 2:13:11 (adskflex) 87689RVTLT_2023_0F 87688RVT_2023_0F 87687CIV3D_2023_0F 
 2:13:11 (adskflex) 87686ADSTPR_2023_0F 87685PLNT3D_2023_0F 87684BLDSYS_2023_0F 
 2:13:11 (adskflex) 87683AMECH_PP_2023_0F 87682ACAD_E_2023_0F 87681ARCHDESK_2023_0F 
 2:13:11 (adskflex) 87680MAP_2023_0F 87678ARDES_2023_0F 87677ACDLT_2023_0F 
 2:13:11 (adskflex) 87676ACD_2023_0F 87675RSAPRO_2023_0F 87674INVPROSA_2023_0F 
 2:13:11 (adskflex) 87673INVOEM_2023_0F 87672SURFST_2023_0F 87671DESNST_2023_0F 
 2:13:11 (adskflex) 87670ALSCPT_2023_0F 87669ALAUST_2023_0F 87668MBXPRO_2023_0F 
 2:13:11 (adskflex) 87667MOBPRO_2023_0F 87666MAYALT_2023_0F 87665MAYAIO_2023_0F 
 2:13:11 (adskflex) 87664MAYAS_2023_0F 87663MAYA_2023_0F 87661VLTEAD_2022_0F 
 2:13:11 (adskflex) 87659SCDSE_2022_0F 87658NTFABLS_2022_0F 87657SCFDM_2022_0F 
 2:13:11 (adskflex) 87656INVTOL_2022_0F 87655MFST_2022_0F 87654MFS_2022_0F 
 2:13:11 (adskflex) 87653MFIAT_2022_0F 87652MFIA_2022_0F 87651MFIB_2022_0F 
 2:13:11 (adskflex) 87650MFIP_2022_0F 87649MFAA_2022_0F 87648MFAM_2022_0F 
 2:13:11 (adskflex) 87647TNNUINV_2022_0F 87646RCMVRD_2022_0F 87645VRDPRO_2022_0F 
 2:13:11 (adskflex) 87644VRDPRS_2022_0F 87643VRDDES_2022_0F 87641CAMTM_2022_0F 
 2:13:11 (adskflex) 87640CAMTP_2022_0F 87639SURFST_2022_0F 87638DESNST_2022_0F 
 2:13:11 (adskflex) 87637ALSCPT_2022_0F 87636ALAUST_2022_0F 87635FDU_2022_0F 
 2:13:11 (adskflex) 87634INTSER_2022_0F 87633INVETO_2022_0F 87632IETODEV_2022_0F 
 2:13:11 (adskflex) 87631K100_2022_0F 87630A400_2022_0F 87629A280_2022_0F 
 2:13:11 (adskflex) 87628A350_2022_0F 87626A250_2022_0F 87625NINCAD_2022_0F 
 2:13:11 (adskflex) 87624C3DGO_2022_0F 87623RECAP_2022_0F 87622MBXPRO_2022_0F 
 2:13:11 (adskflex) 87621MOBPRO_2022_0F 87620MAYALT_2022_0F 87619MAYAIO_2022_0F 
 2:13:11 (adskflex) 87618MAYAS_2022_0F 87617MAYA_2022_0F 87616ARNOL_2022_0F 
 2:13:11 (adskflex) 87615C3DPE_2022_0F 87613VLTWG_2022_0F 87612VLTM_2022_0F 
 2:13:11 (adskflex) 87611PCOFFI_2022_0F 87609NETFE_2022_0F 87608NETFS_2022_0F 
 2:13:11 (adskflex) 87607NETFA_2022_0F 87606MPPUS_2022_0F 87605PWSULH_2022_0F 
 2:13:11 (adskflex) 87604PWSSLH_2022_0F 87603PWSPLH_2022_0F 87602PMULHD_2022_0F 
 2:13:11 (adskflex) 87601PMSLHD_2022_0F 87600PMPLHD_2022_0F 87599PWIULH_2022_0F 
 2:13:11 (adskflex) 87598PWISLH_2022_0F 87597PWIPLH_2022_0F 87596FCMULH_2022_0F 
 2:13:11 (adskflex) 87595FCMSLH_2022_0F 87594FCMPLH_2022_0F 87593PWRSU_2022_0F 
 2:13:11 (adskflex) 87592PWRSS_2022_0F 87591PWRSP_2022_0F 87590PWRMU_2022_0F 
 2:13:11 (adskflex) 87589PWRMS_2022_0F 87588PWRMP_2022_0F 87587PWRMMOD_2022_0F 
 2:13:11 (adskflex) 87586PWRIU_2022_0F 87585PWRIS_2022_0F 87584PWRIP_2022_0F 
 2:13:11 (adskflex) 87583PMAKER_2022_0F 87582FCAMU_2022_0F 87581FCAMS_2022_0F 
 2:13:11 (adskflex) 87580FCAMP_2022_0F 87579HSMPRM_2022_0F 87578HSMPRO_2022_0F 
 2:13:11 (adskflex) 87577INHSMP_2022_0F 87576INVHSM_2022_0F 87575HSMULT_2022_0F 
 2:13:11 (adskflex) 87574HSMPREM_2022_0F 87573PNTLAY_2022_0F 87572C3DPE_2022_0F 
 2:13:11 (adskflex) 87571SIMDFM_2022_0F 87570MAXIO_2022_0F 875693DSMXS_2022_0F 
 2:13:11 (adskflex) 875683DSMAX_2022_0F 87567NAVSIM_2022_0F 87610SCFDA_2022_0F 
 2:13:11 (adskflex) 87566NAVMAN_2022_0F 87565VEHTRK_2022_0F 87564SBRDES_2022_0F 
 2:13:11 (adskflex) 87563RVTLT_2022_0F 87562RVTGD_2022_0F 87561RVT_2022_0F 
 2:13:11 (adskflex) 87560IW360P_2022_0F 87559ESTMEP_2022_0F 87558CAMDCT_2022_0F 
 2:13:11 (adskflex) 87557CADMEP_2022_0F 87556CIV3D_2022_0F 87553ADSTPR_2022_0F 
 2:13:11 (adskflex) 87552ACDLTM_2022_0F 87551ACDMAC_2022_0F 87548MAP_2022_0F 
 2:13:11 (adskflex) 87547ARDES_2022_0F 87546ACDLT_2022_0F 87545ACD_2022_0F 
 2:13:11 (adskflex) 87544PLNT3D_2022_0F 87543BLDSYS_2022_0F 87542AMECH_PP_2022_0F 
 2:13:11 (adskflex) 87541ACAD_E_2022_0F 87540ARCHDESK_2022_0F 87539T1MFPB_2022_0F 
 2:13:11 (adskflex) 87538EMFEB_2022_0F 87537INVPROSA_2022_0F 87536INVOEM_2022_0F 
 2:13:11 (adskflex) 87535INVLT_2022_0F 87534INVNTOR_2022_0F 87533RSAPRO_2022_0F 
 2:13:11 (adskflex) 87532SCDSE_2021_0F 87531VLTEAD_2021_0F 87530SCFDM_2021_0F 
 2:13:11 (adskflex) 87529INVTOL_2021_0F 87528SBPNL_2021_0F 87527MFST_2021_0F 
 2:13:11 (adskflex) 87526MFS_2021_0F 87525MFIAT_2021_0F 87524MFIA_2021_0F 
 2:13:11 (adskflex) 87523MFIB_2021_0F 87522MFIP_2021_0F 87521MFAA_2021_0F 
 2:13:11 (adskflex) 87520MFAM_2021_0F 87519ACMPAN_2021_0F 87518RVTGD_2021_0F 
 2:13:11 (adskflex) 87517TRUNEST_2021_0F 87516TRCMPU_2021_0F 87515TRCMPS_2021_0F 
 2:13:11 (adskflex) 87514TNNUINV_2021_0F 87513TRUNST_2021_0F 87512MAYA_2021_0F 
 2:13:11 (adskflex) 87511VRDSRV_2021_0F 87510RCMVRD_2021_0F 87509VRDPRO_2021_0F 
 2:13:11 (adskflex) 87508VRDPRS_2021_0F 87507VRDDES_2021_0F 87506WTGTWY_2021_0F 
 2:13:11 (adskflex) 87505SURFST_2021_0F 87504DESNST_2021_0F 87503ALSCPT_2021_0F 
 2:13:11 (adskflex) 87502ALAUST_2021_0F 87501LSTRSR_2021_0F 87500LSTRBRN_2021_0F 
 2:13:11 (adskflex) 87499K100_2021_0F 87498A400_2021_0F 87497A280_2021_0F 
 2:13:11 (adskflex) 87496A350_2021_0F 87495FLMEDU_2021_0F 87494A250_2021_0F 
 2:13:11 (adskflex) 87493C300_2021_0F 87492NTFABLS_2021_0F 87491PWSULH_2021_0F 
 2:13:11 (adskflex) 87490PWSSLH_2021_0F 87489PWSPLH_2021_0F 87488PMULHD_2021_0F 
 2:13:11 (adskflex) 87487PMSLHD_2021_0F 87486PMPLHD_2021_0F 87485PWIULH_2021_0F 
 2:13:11 (adskflex) 87484PWISLH_2021_0F 87483PWIPLH_2021_0F 87482FCMULH_2021_0F 
 2:13:11 (adskflex) 87481FCMSLH_2021_0F 87480PWRSU_2021_0F 87479PWRSS_2021_0F 
 2:13:11 (adskflex) 87478PWRSP_2021_0F 87477PWRMU_2021_0F 87476PWRMS_2021_0F 
 2:13:11 (adskflex) 87475NINCAD_2021_0F 87474RECAP_2021_0F 87473PWRMP_2021_0F 
 2:13:11 (adskflex) 87472PWRMMOD_2021_0F 87471PWRIU_2021_0F 87470PWRIS_2021_0F 
 2:13:11 (adskflex) 87469PWRIP_2021_0F 87468PMAKER_2021_0F 87467NETFE_2021_0F 
 2:13:11 (adskflex) 87466NETFS_2021_0F 87465NETFA_2021_0F 87464MPPUS_2021_0F 
 2:13:11 (adskflex) 87463FCAMU_2021_0F 87462FCAMS_2021_0F 87461FCAMP_2021_0F 
 2:13:11 (adskflex) 87460FCMPLH_2021_0F 87459PNTLAY_2021_0F 874583DSMAX_2021_0F 
 2:13:11 (adskflex) 87457FDU_2021_0F 87456INTSER_2021_0F 87455INVETO_2021_0F 
 2:13:11 (adskflex) 87454IETODEV_2021_0F 87453MOBPRO_2021_0F 87451MBXPRO_2021_0F 
 2:13:11 (adskflex) 87447ENCSU_2021_0F 87446MXECS_2021_0F 87445CIV3D_2021_0F 
 2:13:11 (adskflex) 87444RVTLT_2021_0F 87443RVT_2021_0F 87442INHSMP_2021_0F 
 2:13:11 (adskflex) 87441INVHSM_2021_0F 87440HSMULT_2021_0F 87439HSMPREM_2021_0F 
 2:13:11 (adskflex) 87438HSMPRM_2021_0F 87437HSMPRO_2021_0F 87436ADSTPR_2021_0F 
 2:13:11 (adskflex) 87435RRI2ADD_2021_0F 87434INVLTS_2021_0F 87433PDSU_2021_0F 
 2:13:11 (adskflex) 87432PDSP_2021_0F 87431FDSADV_2021_0F 87430FDSS_2021_0F 
 2:13:11 (adskflex) 87429FDSPRM_2021_0F 87428SBRDES_2021_0F 87427VEHTRK_2021_0F 
 2:13:11 (adskflex) 87426IW360P_2021_0F 87425ESTMEP_2021_0F 87424CAMDCT_2021_0F 
 2:13:11 (adskflex) 87423CADMEP_2021_0F 87422RVTLTS_2021_0F 87421ACDLTC_2021_0F 
 2:13:11 (adskflex) 87420SFS_2021_0F 87419MEPCS_2021_0F 87418IDSU_2021_0F 
 2:13:11 (adskflex) 87417IDSS_2021_0F 87416IDSP_2021_0F 87415PDSADV_2021_0F 
 2:13:11 (adskflex) 87414PLTDSS_2021_0F 87413PDSPRM_2021_0F 87412BDSADV_2021_0F 
 2:13:11 (adskflex) 87411BDSS_2021_0F 87410BDSPRM_2021_0F 87409MAXIO_2021_0F 
 2:13:11 (adskflex) 874083DSMXS_2021_0F 87407NAVSIM_2021_0F 87406NAVMAN_2021_0F 
 2:13:11 (adskflex) 87405ACDLTM_2021_0F 87404ACDMAC_2021_0F 87403MAP_2021_0F 
 2:13:11 (adskflex) 87402PLNT3D_2021_0F 87401BLDSYS_2021_0F 87400AMECH_PP_2021_0F 
 2:13:11 (adskflex) 87399ACAD_E_2021_0F 87398ARCHDESK_2021_0F 87397ARDES_2021_0F 
 2:13:11 (adskflex) 87396ACDLT_2021_0F 87395DSSTD_2021_0F 87394DSPRM_2021_0F 
 2:13:11 (adskflex) 87393ACD_2021_0F 87392VLTWG_2021_0F 87391VLTM_2021_0F 
 2:13:11 (adskflex) 87390PCOFFI_2021_0F 87389RSAPRO_2021_0F 87385INVPROSA_2021_0F 
 2:13:11 (adskflex) 87384INVOEM_2021_0F 87383INVLT_2021_0F 87382INVNTOR_2021_0F 
 2:13:11 (adskflex) 87387IW360P_2020_0F 87386VLTEAD_2020_0F 87381INVTOL_2020_0F 
 2:13:11 (adskflex) 87380T1MFPB_2020_0F 87379T1MFSB_2020_0F 87378T1MFPV_2020_0F 
 2:13:11 (adskflex) 87377T1MF_2020_0F 87376EMFEB_2020_0F 87375NTFABLS_2020_0F 
 2:13:11 (adskflex) 87374SCDSE_2020_0F 87373SCFDM_2020_0F 87372SCFDA_2020_0F 
 2:13:11 (adskflex) 87371VRDSRV_2020_0F 87370RCMVRD_2020_0F 87369VRDPRO_2020_0F 
 2:13:11 (adskflex) 87368VRDPRS_2020_0F 87367VRDDES_2020_0F 87366ACMPAN_2020_0F 
 2:13:11 (adskflex) 87365TRUNST_2020_0F 87364TRUNEST_2020_0F 87363TRCMPU_2020_0F 
 2:13:11 (adskflex) 87362TRCMPS_2020_0F 87361TNNUINV_2020_0F 87360SBPNL_2020_0F 
 2:13:11 (adskflex) 87359NETFS_2020_0F 87358FCMULH_2020_0F 87357PWRSP_2020_0F 
 2:13:11 (adskflex) 87356VLTWG_2020_0F 87355VLTM_2020_0F 87354PCOFFI_2020_0F 
 2:13:11 (adskflex) 87353PWSSLH_2020_0F 87352PWSULH_2020_0F 87351PWSPLH_2020_0F 
 2:13:11 (adskflex) 87350PMULHD_2020_0F 87349PMSLHD_2020_0F 87348PMPLHD_2020_0F 
 2:13:11 (adskflex) 87347PWIULH_2020_0F 87346PWISLH_2020_0F 87345PWIPLH_2020_0F 
 2:13:11 (adskflex) 87344FCMSLH_2020_0F 87343FCMPLH_2020_0F 87342PWRSU_2020_0F 
 2:13:11 (adskflex) 87341PWRSS_2020_0F 87340PWRMU_2020_0F 87339PWRMS_2020_0F 
 2:13:11 (adskflex) 87338PWRMP_2020_0F 87337PWRMMOD_2020_0F 87336PWRIU_2020_0F 
 2:13:11 (adskflex) 87335PWRIS_2020_0F 87334PWRIP_2020_0F 87333PMAKER_2020_0F 
 2:13:11 (adskflex) 87332NETFE_2020_0F 87331NETFA_2020_0F 87330MFGDEXUTLP_2020_0F 
 2:13:11 (adskflex) 87329MPPUS_2020_0F 87328FCAMU_2020_0F 87327FCAMS_2020_0F 
 2:13:11 (adskflex) 87326FCAMP_2020_0F 87325ESTMEP_2020_0F 87324CAMDCT_2020_0F 
 2:13:11 (adskflex) 87323CADMEP_2020_0F 87322MFST_2020_0F 87321MFS_2020_0F 
 2:13:11 (adskflex) 87320MFIAT_2020_0F 87319MFIA_2020_0F 87318MFIB_2020_0F 
 2:13:11 (adskflex) 87317MFIP_2020_0F 87316MFAA_2020_0F 87315MFAM_2020_0F 
 2:13:11 (adskflex) 87314ACDLTC_2020_0F 87313MBXPRO_2020_0F 87312MOBPRO_2020_0F 
 2:13:11 (adskflex) 87311MAYALT_2020_0F 87310MAYAIO_2020_0F 87309FDU_2020_0F 
 2:13:11 (adskflex) 87308PNTLAY_2020_0F 87307NAVSIM_2020_0F 87306NAVMAN_2020_0F 
 2:13:11 (adskflex) 87305INVETO_2020_0F 87304INTSER_2020_0F 87303IETODEV_2020_0F 
 2:13:11 (adskflex) 87302NINCAD_2020_0F 87301WTGTWY_2020_0F 87300LSTRSR_2020_0F 
 2:13:11 (adskflex) 87299LSTRBRN_2020_0F 87298K100_2020_0F 87297A400_2020_0F 
 2:13:11 (adskflex) 87296A280_2020_0F 87295A350_2020_0F 87294FLMEDU_2020_0F 
 2:13:11 (adskflex) 87293A250_2020_0F 87292C300_2020_0F 87291DESNST_2020_0F 
 2:13:11 (adskflex) 87290ALSCPT_2020_0F 87289SURFST_2020_0F 87288ALAUST_2020_0F 
 2:13:11 (adskflex) 87287ARNOL_2020_0F 87286ACDLTM_2020_0F 87285ACDMAC_2020_0F 
 2:13:11 (adskflex) 87283MAYA_2020_0F 87282RECAP_2020_0F 87279MYECS_2020_0F 
 2:13:11 (adskflex) 87278MAYAS_2020_0F 87277ENCSU_2020_0F 87276MXECS_2020_0F 
 2:13:11 (adskflex) 87275FDSADV_2020_0F 87274FDSS_2020_0F 87273FDSPRM_2020_0F 
 2:13:11 (adskflex) 87272DSSTD_2020_0F 87271DSPRM_2020_0F 87270HSMPRO_2020_0F 
 2:13:11 (adskflex) 87269HSMPRM_2020_0F 87268INHSMP_2020_0F 87267INVHSM_2020_0F 
 2:13:11 (adskflex) 87266HSMULT_2020_0F 87265HSMPREM_2020_0F 87264RRI2ADD_2020_0F 
 2:13:11 (adskflex) 87263VEHTRK_2020_0F 87262SFS_2020_0F 87261SBRDES_2020_0F 
 2:13:11 (adskflex) 87260RVTLT_2020_0F 87259RVT_2020_0F 87258PDSADV_2020_0F 
 2:13:11 (adskflex) 87257PLTDSS_2020_0F 87256PDSPRM_2020_0F 87255MEPCS_2020_0F 
 2:13:11 (adskflex) 87254IDSU_2020_0F 87253IDSS_2020_0F 87252IDSP_2020_0F 
 2:13:11 (adskflex) 87251CIV3D_2020_0F 87250BDSADV_2020_0F 87249BDSS_2020_0F 
 2:13:11 (adskflex) 87248BDSPRM_2020_0F 87247RVTLTS_2020_0F 87246ADSTPR_2020_0F 
 2:13:11 (adskflex) 87245RSAPRO_2020_0F 87244MAXIO_2020_0F 872433DSMXS_2020_0F 
 2:13:11 (adskflex) 872423DSMAX_2020_0F 87241PLNT3D_2020_0F 87240MAP_2020_0F 
 2:13:11 (adskflex) 87237PDSU_2020_0F 87236PDSP_2020_0F 87235INVPROSA_2020_0F 
 2:13:11 (adskflex) 87234INVOEM_2020_0F 87233INVLT_2020_0F 87232INVNTOR_2020_0F 
 2:13:11 (adskflex) 87231INVLTS_2020_0F 87230BLDSYS_2020_0F 87229AMECH_PP_2020_0F 
 2:13:11 (adskflex) 87228ACAD_E_2020_0F 87227ARCHDESK_2020_0F 87226ARDES_2020_0F 
 2:13:11 (adskflex) 87225ACDLT_2020_0F 87224ACD_2020_0F 
 2:13:11 (adskflex) EXTERNAL FILTERS are OFF
 2:13:11 (lmgrd) adskflex using TCP-port 2080
02:13:11 (adskflex_pluggin) INFO: Loading lib Z:\app\adskflex_plugin.dll
02:13:11 (adskflex_pluggin) INFO: Plugin not loaded, NLM Server is running in Non Reporting mode.
 2:13:11 (adskflex) SLOG: Statistics Log Frequency is 240 minute(s).
 2:13:11 (adskflex) SLOG: TS update poll interval is 600 seconds.
 2:13:11 (adskflex) SLOG: Activation borrow reclaim percentage is 0.
 2:13:11 (adskflex) (@adskflex-SLOG@) ===============================================
 2:13:11 (adskflex) (@adskflex-SLOG@) === Vendor Daemon ===
 2:13:11 (adskflex) (@adskflex-SLOG@) Vendor daemon: adskflex
 2:13:11 (adskflex) (@adskflex-SLOG@) Start-Date: Sun Mar 22 2026 02:13:11 Greenwich Standard Time
 2:13:11 (adskflex) (@adskflex-SLOG@) PID: 292
 2:13:11 (adskflex) (@adskflex-SLOG@) VD Version: v11.19.4.1 build 291070 x64_n6 ( build 291070 (ipv6))
 2:13:11 (adskflex) (@adskflex-SLOG@) 
 2:13:11 (adskflex) (@adskflex-SLOG@) === Startup/Restart Info ===
 2:13:11 (adskflex) (@adskflex-SLOG@) Options file used: None
 2:13:11 (adskflex) (@adskflex-SLOG@) Is vendor daemon a CVD: No
 2:13:11 (adskflex) (@adskflex-SLOG@) Is FlexNet Licensing Service installed and compatible: No
 2:13:11 (adskflex) (@adskflex-SLOG@) FlexNet Licensing Service Version: -NA-
 2:13:11 (adskflex) (@adskflex-SLOG@) Is TS accessed: No
 2:13:11 (adskflex) (@adskflex-SLOG@) TS access time: -NA-
 2:13:11 (adskflex) (@adskflex-SLOG@) Number of VD restarts since LS startup: 1
 2:13:11 (adskflex) (@adskflex-SLOG@) 
 2:13:11 (adskflex) (@adskflex-SLOG@) === Network Info ===
 2:13:11 (adskflex) (@adskflex-SLOG@) Listening port: 2080
 2:13:11 (adskflex) (@adskflex-SLOG@) Daemon select timeout (in seconds): 1
 2:13:11 (adskflex) (@adskflex-SLOG@) 
 2:13:11 (adskflex) (@adskflex-SLOG@) === Host Info ===
 2:13:11 (adskflex) (@adskflex-SLOG@) Host used in license file: win-license-lab
 2:13:11 (adskflex) (@adskflex-SLOG@) HostID node-locked in license file: 66128fd23630 
 2:13:11 (adskflex) (@adskflex-SLOG@) HostID of the License Server: 66128fd23630
 2:13:11 (adskflex) (@adskflex-SLOG@) Running on Hypervisor: Not determined - treat as Physical
 2:13:11 (adskflex) (@adskflex-SLOG@) ===============================================
 2:13:11 (adskflex) Ecomms: Encrypted Communication disabled
 2:13:11 (adskflex) TCP_NODELAY NOT enabled
 2:13:11 (adskflex) Listener Thread: running
 2:13:11 (adskflex) Starting diagnostics port listener thread (DPLT)
 2:13:11 (adskflex) Starting diagnostics output thread (DRQT)
 2:13:11 (adskflex) DRQT: running
 2:13:11 (adskflex) DPLT: running
 2:13:11 (adskflex) DPLT: Diagnostic Functionality is unable to access AF_UNIX socket
 2:13:11 (adskflex) DPLT: Diagnostic Functionality is not supported on this platform
 2:25:13 (adskflex) Lost connection to lmgrd, heartbeat timeout expired, exiting.
 2:25:13 (adskflex) Heartbeat timeout is 300 seconds. Elapsed time is 722 seconds.
 2:25:13 (adskflex) EXITING DUE TO SIGNAL 28 Exit reason 5
 2:25:18 (lmgrd) adskflex exited with status 28 (Communications error)
 2:25:18 (lmgrd) Since this is an unknown status, license server 
 2:25:18 (lmgrd) manager (lmgrd) will attempt to re-start the vendor daemon.
 2:25:18 (lmgrd) Starting vendor daemon at port 2080
 2:25:18 (lmgrd) Using vendor daemon port 2080 specified in license file
 2:25:18 (lmgrd) REStarted adskflex (pid 344)
 2:25:18 (adskflex) FlexNet Licensing version v11.19.4.1 build 291070 x64_n6
 2:25:18 (adskflex) SLOG: Summary LOG statistics is enabled.
 2:25:18 (adskflex) SLOG: FNPLS-INTERNAL-CKPT1
 2:25:18 (adskflex) SLOG: VM Status: 0
 2:25:18 (adskflex) SLOG: FNPLS-INTERNAL-CKPT5
 2:25:18 (adskflex) SLOG: TPM Status: 0
 2:25:18 (adskflex) SLOG: FNPLS-INTERNAL-CKPT6
 2:25:26 (adskflex) Server started on win-license-lab for:	88179IWICMU_2026_0F 
 2:25:26 (adskflex) 88176INFDU_2026_0F 88173IWWSPRO_2026_0F 88169ARNOL_2026_0F 
 2:25:26 (adskflex) 88157INVTOL_2026_0F 88152NINCAD_2026_0F 88151SCFDM_2026_0F 
 2:25:26 (adskflex) 88150SCFDA_2026_0F 88147SCDSE_2026_0F 88145VLTM_2026_0F 
 2:25:26 (adskflex) 88143PCOFFI_2026_0F 88141RECAP_2026_0F 88140ADSTPR_2026_0F 
 2:25:26 (adskflex) 88139MBXPRO_2026_0F 88138MOBPRO_2026_0F 88134MAYACRE_2026_0F 
 2:25:26 (adskflex) 88131MAYA_2026_0F 881273DSMAX_2026_0F 88080HSMPRM_2026_0F 
 2:25:26 (adskflex) 88076INHSMP_2026_0F 88073HSMULT_2026_0F 88070HSMPREM_2026_0F 
 2:25:26 (adskflex) 88068MFS_2026_0F 88067MFIA_2026_0F 88066MFIB_2026_0F 
 2:25:26 (adskflex) 88065MFIP_2026_0F 88064MFAA_2026_0F 88062MFAM_2026_0F 
 2:25:26 (adskflex) 88060ACMPAN_2026_0F 88049ESTMEP_2026_0F 88048CAMDCT_2026_0F 
 2:25:26 (adskflex) 88046CADMEP_2026_0F 88045IW360P_2026_0F 88042RVT_2026_0F 
 2:25:26 (adskflex) 88041SBRDES_2026_0F 88040VEHTRK_2026_0F 88038PNTLAY_2026_0P 
 2:25:26 (adskflex) 88037NAVSIM_2026_0F 88036NAVMAN_2026_0F 88035CIV3D_2026_0F 
 2:25:26 (adskflex) 88034RSAPRO_2026_0F 88033MAP_2026_0F 88030AMECH_PP_2026_0F 
 2:25:26 (adskflex) 88029BLDSYS_2026_0F 88028ACAD_E_2026_0F 88027ARCHDESK_2026_0F 
 2:25:26 (adskflex) 88026INVPROSA_2026_0F 88025ARDES_2026_0F 88024ACDLT_2026_0F 
 2:25:26 (adskflex) 88023ACD_2026_0F 88022PLNT3D_2026_0F 88021IW360P_2025_0F 
 2:25:26 (adskflex) 88017RCMVRD_2025_0F 88016VRDPRO_2025_0F 88014VRDPRS_2025_0F 
 2:25:26 (adskflex) 88012VRDDES_2025_0F 88011VRDSRV_2025_0F 88009MFS_2025_0F 
 2:25:26 (adskflex) 88008MFIA_2025_0F 88007MFIB_2025_0F 88006MFIP_2025_0F 
 2:25:26 (adskflex) 88005MFAA_2025_0F 88004MFAM_2025_0F 88003ACMPAN_2025_0F 
 2:25:26 (adskflex) 88001TNNUINV_2025_0F 87999INVTOL_2025_0F 87998INFDU_2025_0F 
 2:25:26 (adskflex) 87996RECAP_2025_0F 87995IWWSPRO_2025_0F 87994IWICMU_2025_0F 
 2:25:26 (adskflex) 87992INFWP_2025_0F 87991VLTM_2025_0F 87990PCOFFI_2025_0F 
 2:25:26 (adskflex) 87989FDU_2025_0F 87988NINCAD_2025_0F 87987ARNOL_2025_0F 
 2:25:26 (adskflex) 87980PWSULH_2025_0F 87979PMULHD_2025_0F 87977PWIULH_2025_0F 
 2:25:26 (adskflex) 87976FCMULH_2025_0F 87975PWRSU_2025_0F 87974NTFABLS_2025_0F 
 2:25:26 (adskflex) 87974NETFS_2025_0F 87970PWRMU_2025_0F 87969PWRIU_2025_0F 
 2:25:26 (adskflex) 87968PWRMMOD_2025_0F 87967PMAKER_2025_0F 87965NETFE_2025_0F 
 2:25:26 (adskflex) 87964FCAMU_2025_0F 87964NETFA_2025_0F 87963CAMTP_2025_0F 
 2:25:26 (adskflex) 87961HSMPRM_2025_0F 87960HSMPRO_2025_0F 87959INHSMP_2025_0F 
 2:25:26 (adskflex) 87958INVHSM_2025_0F 87957HSMULT_2025_0F 87956HSMPREM_2025_0F 
 2:25:26 (adskflex) 87955PNTLAY_2025_0F 87954NAVSIM_2025_0F 87953NAVMAN_2025_0F 
 2:25:26 (adskflex) 87952VEHTRK_2025_0F 87951SBRDES_2025_0F 87950ESTMEP_2025_0F 
 2:25:26 (adskflex) 87948CAMDCT_2025_0F 87947CADMEP_2025_0F 87946RVTLT_2025_0F 
 2:25:26 (adskflex) 87945RVT_2025_0F 87943MOBPRO_2025_0F 87943MBXPRO_2025_0F 
 2:25:26 (adskflex) 87942MAYACRE_2025_0F 87940MAYA_2025_0F 879373DSMAX_2025_0F 
 2:25:26 (adskflex) 87936SURFST_2025_0F 87936ALSLE_2025_0F 87935ALSCPT_2025_0F 
 2:25:26 (adskflex) 87934ALAUST_2025_0F 87933ADSTPR_2025_0F 87932CIV3D_2025_0F 
 2:25:26 (adskflex) 87931INVPROSA_2025_0F 87930MAP_2025_0F 87929ACDLTM_2025_0F 
 2:25:26 (adskflex) 87928ACDMAC_2025_0F 87927RSAPRO_2025_0F 87926BLDSYS_2025_0F 
 2:25:26 (adskflex) 87925AMECH_PP_2025_0F 87924ACAD_E_2025_0F 87923ARCHDESK_2025_0F 
 2:25:26 (adskflex) 87922PLNT3D_2025_0F 87921ARDES_2025_0F 87920ACDLT_2025_0F 
 2:25:26 (adskflex) 87919ACD_2025_0F 87918INVTOL_2024_0F 87916TNNUINV_2024_0F 
 2:25:26 (adskflex) 87914MFS_2024_0F 87913MFIA_2024_0F 87912MFIB_2024_0F 
 2:25:26 (adskflex) 87911MFIP_2024_0F 87910MFAA_2024_0F 87909RCMVRD_2024_0F 
 2:25:26 (adskflex) 87908VRDPRO_2024_0F 87907VRDPRS_2024_0F 87906VRDLE_2024_0F 
 2:25:26 (adskflex) 87905VRDDES_2024_0F 87904VRDSRV_2024_0F 87903SCDSE_2024_0F 
 2:25:26 (adskflex) 87900NINCAD_2024_0F 87899SCFDM_2024_0F 87898SCFDA_2024_0F 
 2:25:26 (adskflex) 87897IWWSPRO_2024_0F 87896IWICMU_2024_0F 87894INFWP_2024_0F 
 2:25:26 (adskflex) 87893ARNOL_2024_0F 87892INFDU_2024_0F 87890FDU_2024_0F 
 2:25:26 (adskflex) 87889VLTM_2024_0F 87888PCOFFI_2024_0F 87883A250_2024_0F 
 2:25:26 (adskflex) 87882RECAP_2024_0F 87881NETFE_2024_0F 87880NETFS_2024_0F 
 2:25:26 (adskflex) 87879NETFA_2024_0F 87878NTFABLS_2024_0F 87877VEHTRK_2024_0F 
 2:25:26 (adskflex) 87876SBRDES_2024_0F 87874RVTGD_2024_0F 87874RVTLT_2024_0F 
 2:25:26 (adskflex) 87873RVT_2024_0F 87872IW360P_2024_0F 87871ESTMEP_2024_0F 
 2:25:26 (adskflex) 87870CAMDCT_2024_0F 87869CADMEP_2024_0F 87867CIV3D_2024_0F 
 2:25:26 (adskflex) 87864ADSTPR_2024_0F 87863PNTLAY_2024_0F 87862NAVSIM_2024_0F 
 2:25:26 (adskflex) 87861NAVMAN_2024_0F 87860PWRSU_2024_0F 87859PWRSS_2024_0F 
 2:25:26 (adskflex) 87858PWRSP_2024_0F 87857PWRIU_2024_0F 87856PWRIS_2024_0F 
 2:25:26 (adskflex) 87855PWRIP_2024_0F 87854PMAKER_2024_0F 87852FCAMU_2024_0F 
 2:25:26 (adskflex) 87851FCAMS_2024_0F 87850FCAMP_2024_0F 87849CAMTM_2024_0F 
 2:25:26 (adskflex) 87848CAMTP_2024_0F 87836PWRMU_2024_0F 87835PWRMS_2024_0F 
 2:25:26 (adskflex) 87834PWRMP_2024_0F 87833PWRMMOD_2024_0F 87832HSMPRM_2024_0F 
 2:25:26 (adskflex) 87831HSMPRO_2024_0F 87830INHSMP_2024_0F 87829INVHSM_2024_0F 
 2:25:26 (adskflex) 87828HSMULT_2024_0F 87827HSMPREM_2024_0F 87826MAYACRE_2024_0F 
 2:25:26 (adskflex) 87822SURFST_2024_0F 87821DESNST_2024_0F 87820ALSCPT_2024_0F 
 2:25:26 (adskflex) 87819ALAUST_2024_0F 87818MBXPRO_2024_0F 87817MOBPRO_2024_0F 
 2:25:26 (adskflex) 87814MAYA_2024_0F 878113DSMAX_2024_0F 87808MAP_2024_0F 
 2:25:26 (adskflex) 87807ACDLTM_2024_0F 87806ACDMAC_2024_0F 87805BLDSYS_2024_0F 
 2:25:26 (adskflex) 87804AMECH_PP_2024_0F 87803ACAD_E_2024_0F 87802ARCHDESK_2024_0F 
 2:25:26 (adskflex) 87801PLNT3D_2024_0F 87800ARDES_2024_0F 87799ACDLT_2024_0F 
 2:25:26 (adskflex) 87798ACD_2024_0F 87797INVPROSA_2024_0F 87795RSAPRO_2024_0F 
 2:25:26 (adskflex) 87824MAYACRE_2023_0F 87796SCFDA_2023_0F 87794MFST_2023_0F 
 2:25:26 (adskflex) 87793MFS_2023_0F 87792MFIAT_2023_0F 87791MFIA_2023_0F 
 2:25:26 (adskflex) 87790MFAM_2023_0F 87789MFIB_2023_0F 87788MFIP_2023_0F 
 2:25:26 (adskflex) 87787MFAA_2023_0F 87786ACMPAN_2023_0F 87785VLTEAD_2023_0F 
 2:25:26 (adskflex) 87784INVTOL_2023_0F 87783TNNUINV_2023_0F 87782FDU_2023_0F 
 2:25:26 (adskflex) 87781INFDS_2023_0F 87780IWICMS_2023_0F 87779INFDU_2023_0F 
 2:25:26 (adskflex) 87778IWWSPRO_2023_0F 87777IWICMU_2023_0F 87776INFWP_2023_0F 
 2:25:26 (adskflex) 87775NINCAD_2023_0F 87774A280_2023_0F 87773RCMVRD_2023_0F 
 2:25:26 (adskflex) 87772VRDPRO_2023_0F 87771VRDPRS_2023_0F 87770VRDLE_2023_0F 
 2:25:26 (adskflex) 87769VRDDES_2023_0F 87768VRDSRV_2023_0F 87767VEHTRK_2023_0F 
 2:25:26 (adskflex) 87766SBRDES_2023_0F 87764IW360P_2023_0F 87763ESTMEP_2023_0F 
 2:25:26 (adskflex) 87762CAMDCT_2023_0F 87761CADMEP_2023_0F 87760C3DGO_2023_0F 
 2:25:26 (adskflex) 87759C3DPE_2023_0F 87758RVTLTS_2023_0F 87757ACDLTC_2023_0F 
 2:25:26 (adskflex) 87756NTFABLS_2023_0F 87755SCFDM_2023_0F 87754SCDSE_2023_0F 
 2:25:26 (adskflex) 87753ALSLE_2023_0F 87752ARNOL_2023_0F 87751K100_2023_0F 
 2:25:26 (adskflex) 87750A400_2023_0F 87749A350_2023_0F 87748FLMEDU_2023_0F 
 2:25:26 (adskflex) 87747A250_2023_0F 87746INTSER_2023_0F 87745INVETO_2023_0F 
 2:25:26 (adskflex) 87744IETODEV_2023_0F 87743VLTWG_2023_0F 87742VLTM_2023_0F 
 2:25:26 (adskflex) 87741PCOFFI_2023_0F 87739RECAP_2023_0F 87737PNTLAY_2023_0F 
 2:25:26 (adskflex) 87736PWSULH_2023_0F 87733PMULHD_2023_0F 87732PMSLHD_2023_0F 
 2:25:26 (adskflex) 87730PWIULH_2023_0F 87727FCMULH_2023_0F 87724RVTGD_2023_0F 
 2:25:26 (adskflex) 87723PWRSU_2023_0F 87722PWRSS_2023_0F 87721PWRSP_2023_0F 
 2:25:26 (adskflex) 87720PWRMU_2023_0F 87719PWRMS_2023_0F 87718PWRMP_2023_0F 
 2:25:26 (adskflex) 87717PWRMMOD_2023_0F 87716PWRIU_2023_0F 87715PWRIS_2023_0F 
 2:25:26 (adskflex) 87714PWRIP_2023_0F 87713PMAKER_2023_0F 87712NETFE_2023_0F 
 2:25:26 (adskflex) 87711NETFS_2023_0F 87710NETFA_2023_0F 87709PMAKER_2023_0F 
 2:25:26 (adskflex) 87708FCAMU_2023_0F 87707FCAMS_2023_0F 87706FCAMP_2023_0F 
 2:25:26 (adskflex) 87705CAMTM_2023_0F 87704CAMTP_2023_0F 87703HSMPRM_2023_0F 
 2:25:26 (adskflex) 87702HSMPRO_2023_0F 87701INHSMP_2023_0F 87700INVHSM_2023_0F 
 2:25:26 (adskflex) 87699HSMULT_2023_0F 87698HSMPREM_2023_0F 87697NAVSIM_2023_0F 
 2:25:26 (adskflex) 87696NAVMAN_2023_0F 87695MAXIO_2023_0F 876943DSMXS_2023_0F 
 2:25:26 (adskflex) 876933DSMAX_2023_0F 87691ACDLTM_2023_0F 87690ACDMAC_2023_0F 
 2:25:26 (adskflex) 87689RVTLT_2023_0F 87688RVT_2023_0F 87687CIV3D_2023_0F 
 2:25:26 (adskflex) 87686ADSTPR_2023_0F 87685PLNT3D_2023_0F 87684BLDSYS_2023_0F 
 2:25:26 (adskflex) 87683AMECH_PP_2023_0F 87682ACAD_E_2023_0F 87681ARCHDESK_2023_0F 
 2:25:26 (adskflex) 87680MAP_2023_0F 87678ARDES_2023_0F 87677ACDLT_2023_0F 
 2:25:26 (adskflex) 87676ACD_2023_0F 87675RSAPRO_2023_0F 87674INVPROSA_2023_0F 
 2:25:26 (adskflex) 87673INVOEM_2023_0F 87672SURFST_2023_0F 87671DESNST_2023_0F 
 2:25:26 (adskflex) 87670ALSCPT_2023_0F 87669ALAUST_2023_0F 87668MBXPRO_2023_0F 
 2:25:26 (adskflex) 87667MOBPRO_2023_0F 87666MAYALT_2023_0F 87665MAYAIO_2023_0F 
 2:25:26 (adskflex) 87664MAYAS_2023_0F 87663MAYA_2023_0F 87661VLTEAD_2022_0F 
 2:25:26 (adskflex) 87659SCDSE_2022_0F 87658NTFABLS_2022_0F 87657SCFDM_2022_0F 
 2:25:26 (adskflex) 87656INVTOL_2022_0F 87655MFST_2022_0F 87654MFS_2022_0F 
 2:25:26 (adskflex) 87653MFIAT_2022_0F 87652MFIA_2022_0F 87651MFIB_2022_0F 
 2:25:26 (adskflex) 87650MFIP_2022_0F 87649MFAA_2022_0F 87648MFAM_2022_0F 
 2:25:26 (adskflex) 87647TNNUINV_2022_0F 87646RCMVRD_2022_0F 87645VRDPRO_2022_0F 
 2:25:26 (adskflex) 87644VRDPRS_2022_0F 87643VRDDES_2022_0F 87641CAMTM_2022_0F 
 2:25:26 (adskflex) 87640CAMTP_2022_0F 87639SURFST_2022_0F 87638DESNST_2022_0F 
 2:25:26 (adskflex) 87637ALSCPT_2022_0F 87636ALAUST_2022_0F 87635FDU_2022_0F 
 2:25:26 (adskflex) 87634INTSER_2022_0F 87633INVETO_2022_0F 87632IETODEV_2022_0F 
 2:25:26 (adskflex) 87631K100_2022_0F 87630A400_2022_0F 87629A280_2022_0F 
 2:25:26 (adskflex) 87628A350_2022_0F 87626A250_2022_0F 87625NINCAD_2022_0F 
 2:25:26 (adskflex) 87624C3DGO_2022_0F 87623RECAP_2022_0F 87622MBXPRO_2022_0F 
 2:25:26 (adskflex) 87621MOBPRO_2022_0F 87620MAYALT_2022_0F 87619MAYAIO_2022_0F 
 2:25:26 (adskflex) 87618MAYAS_2022_0F 87617MAYA_2022_0F 87616ARNOL_2022_0F 
 2:25:26 (adskflex) 87615C3DPE_2022_0F 87613VLTWG_2022_0F 87612VLTM_2022_0F 
 2:25:26 (adskflex) 87611PCOFFI_2022_0F 87609NETFE_2022_0F 87608NETFS_2022_0F 
 2:25:26 (adskflex) 87607NETFA_2022_0F 87606MPPUS_2022_0F 87605PWSULH_2022_0F 
 2:25:26 (adskflex) 87604PWSSLH_2022_0F 87603PWSPLH_2022_0F 87602PMULHD_2022_0F 
 2:25:26 (adskflex) 87601PMSLHD_2022_0F 87600PMPLHD_2022_0F 87599PWIULH_2022_0F 
 2:25:26 (adskflex) 87598PWISLH_2022_0F 87597PWIPLH_2022_0F 87596FCMULH_2022_0F 
 2:25:26 (adskflex) 87595FCMSLH_2022_0F 87594FCMPLH_2022_0F 87593PWRSU_2022_0F 
 2:25:26 (adskflex) 87592PWRSS_2022_0F 87591PWRSP_2022_0F 87590PWRMU_2022_0F 
 2:25:26 (adskflex) 87589PWRMS_2022_0F 87588PWRMP_2022_0F 87587PWRMMOD_2022_0F 
 2:25:26 (adskflex) 87586PWRIU_2022_0F 87585PWRIS_2022_0F 87584PWRIP_2022_0F 
 2:25:26 (adskflex) 87583PMAKER_2022_0F 87582FCAMU_2022_0F 87581FCAMS_2022_0F 
 2:25:26 (adskflex) 87580FCAMP_2022_0F 87579HSMPRM_2022_0F 87578HSMPRO_2022_0F 
 2:25:26 (adskflex) 87577INHSMP_2022_0F 87576INVHSM_2022_0F 87575HSMULT_2022_0F 
 2:25:26 (adskflex) 87574HSMPREM_2022_0F 87573PNTLAY_2022_0F 87572C3DPE_2022_0F 
 2:25:26 (adskflex) 87571SIMDFM_2022_0F 87570MAXIO_2022_0F 875693DSMXS_2022_0F 
 2:25:26 (adskflex) 875683DSMAX_2022_0F 87567NAVSIM_2022_0F 87610SCFDA_2022_0F 
 2:25:26 (adskflex) 87566NAVMAN_2022_0F 87565VEHTRK_2022_0F 87564SBRDES_2022_0F 
 2:25:26 (adskflex) 87563RVTLT_2022_0F 87562RVTGD_2022_0F 87561RVT_2022_0F 
 2:25:26 (adskflex) 87560IW360P_2022_0F 87559ESTMEP_2022_0F 87558CAMDCT_2022_0F 
 2:25:26 (adskflex) 87557CADMEP_2022_0F 87556CIV3D_2022_0F 87553ADSTPR_2022_0F 
 2:25:26 (adskflex) 87552ACDLTM_2022_0F 87551ACDMAC_2022_0F 87548MAP_2022_0F 
 2:25:26 (adskflex) 87547ARDES_2022_0F 87546ACDLT_2022_0F 87545ACD_2022_0F 
 2:25:26 (adskflex) 87544PLNT3D_2022_0F 87543BLDSYS_2022_0F 87542AMECH_PP_2022_0F 
 2:25:26 (adskflex) 87541ACAD_E_2022_0F 87540ARCHDESK_2022_0F 87539T1MFPB_2022_0F 
 2:25:26 (adskflex) 87538EMFEB_2022_0F 87537INVPROSA_2022_0F 87536INVOEM_2022_0F 
 2:25:26 (adskflex) 87535INVLT_2022_0F 87534INVNTOR_2022_0F 87533RSAPRO_2022_0F 
 2:25:26 (adskflex) 87532SCDSE_2021_0F 87531VLTEAD_2021_0F 87530SCFDM_2021_0F 
 2:25:26 (adskflex) 87529INVTOL_2021_0F 87528SBPNL_2021_0F 87527MFST_2021_0F 
 2:25:26 (adskflex) 87526MFS_2021_0F 87525MFIAT_2021_0F 87524MFIA_2021_0F 
 2:25:26 (adskflex) 87523MFIB_2021_0F 87522MFIP_2021_0F 87521MFAA_2021_0F 
 2:25:26 (adskflex) 87520MFAM_2021_0F 87519ACMPAN_2021_0F 87518RVTGD_2021_0F 
 2:25:26 (adskflex) 87517TRUNEST_2021_0F 87516TRCMPU_2021_0F 87515TRCMPS_2021_0F 
 2:25:26 (adskflex) 87514TNNUINV_2021_0F 87513TRUNST_2021_0F 87512MAYA_2021_0F 
 2:25:26 (adskflex) 87511VRDSRV_2021_0F 87510RCMVRD_2021_0F 87509VRDPRO_2021_0F 
 2:25:26 (adskflex) 87508VRDPRS_2021_0F 87507VRDDES_2021_0F 87506WTGTWY_2021_0F 
 2:25:26 (adskflex) 87505SURFST_2021_0F 87504DESNST_2021_0F 87503ALSCPT_2021_0F 
 2:25:26 (adskflex) 87502ALAUST_2021_0F 87501LSTRSR_2021_0F 87500LSTRBRN_2021_0F 
 2:25:26 (adskflex) 87499K100_2021_0F 87498A400_2021_0F 87497A280_2021_0F 
 2:25:26 (adskflex) 87496A350_2021_0F 87495FLMEDU_2021_0F 87494A250_2021_0F 
 2:25:26 (adskflex) 87493C300_2021_0F 87492NTFABLS_2021_0F 87491PWSULH_2021_0F 
 2:25:26 (adskflex) 87490PWSSLH_2021_0F 87489PWSPLH_2021_0F 87488PMULHD_2021_0F 
 2:25:26 (adskflex) 87487PMSLHD_2021_0F 87486PMPLHD_2021_0F 87485PWIULH_2021_0F 
 2:25:26 (adskflex) 87484PWISLH_2021_0F 87483PWIPLH_2021_0F 87482FCMULH_2021_0F 
 2:25:26 (adskflex) 87481FCMSLH_2021_0F 87480PWRSU_2021_0F 87479PWRSS_2021_0F 
 2:25:26 (adskflex) 87478PWRSP_2021_0F 87477PWRMU_2021_0F 87476PWRMS_2021_0F 
 2:25:26 (adskflex) 87475NINCAD_2021_0F 87474RECAP_2021_0F 87473PWRMP_2021_0F 
 2:25:26 (adskflex) 87472PWRMMOD_2021_0F 87471PWRIU_2021_0F 87470PWRIS_2021_0F 
 2:25:26 (adskflex) 87469PWRIP_2021_0F 87468PMAKER_2021_0F 87467NETFE_2021_0F 
 2:25:26 (adskflex) 87466NETFS_2021_0F 87465NETFA_2021_0F 87464MPPUS_2021_0F 
 2:25:26 (adskflex) 87463FCAMU_2021_0F 87462FCAMS_2021_0F 87461FCAMP_2021_0F 
 2:25:26 (adskflex) 87460FCMPLH_2021_0F 87459PNTLAY_2021_0F 874583DSMAX_2021_0F 
 2:25:26 (adskflex) 87457FDU_2021_0F 87456INTSER_2021_0F 87455INVETO_2021_0F 
 2:25:26 (adskflex) 87454IETODEV_2021_0F 87453MOBPRO_2021_0F 87451MBXPRO_2021_0F 
 2:25:26 (adskflex) 87447ENCSU_2021_0F 87446MXECS_2021_0F 87445CIV3D_2021_0F 
 2:25:26 (adskflex) 87444RVTLT_2021_0F 87443RVT_2021_0F 87442INHSMP_2021_0F 
 2:25:26 (adskflex) 87441INVHSM_2021_0F 87440HSMULT_2021_0F 87439HSMPREM_2021_0F 
 2:25:26 (adskflex) 87438HSMPRM_2021_0F 87437HSMPRO_2021_0F 87436ADSTPR_2021_0F 
 2:25:26 (adskflex) 87435RRI2ADD_2021_0F 87434INVLTS_2021_0F 87433PDSU_2021_0F 
 2:25:26 (adskflex) 87432PDSP_2021_0F 87431FDSADV_2021_0F 87430FDSS_2021_0F 
 2:25:26 (adskflex) 87429FDSPRM_2021_0F 87428SBRDES_2021_0F 87427VEHTRK_2021_0F 
 2:25:26 (adskflex) 87426IW360P_2021_0F 87425ESTMEP_2021_0F 87424CAMDCT_2021_0F 
 2:25:26 (adskflex) 87423CADMEP_2021_0F 87422RVTLTS_2021_0F 87421ACDLTC_2021_0F 
 2:25:26 (adskflex) 87420SFS_2021_0F 87419MEPCS_2021_0F 87418IDSU_2021_0F 
 2:25:26 (adskflex) 87417IDSS_2021_0F 87416IDSP_2021_0F 87415PDSADV_2021_0F 
 2:25:26 (adskflex) 87414PLTDSS_2021_0F 87413PDSPRM_2021_0F 87412BDSADV_2021_0F 
 2:25:26 (adskflex) 87411BDSS_2021_0F 87410BDSPRM_2021_0F 87409MAXIO_2021_0F 
 2:25:26 (adskflex) 874083DSMXS_2021_0F 87407NAVSIM_2021_0F 87406NAVMAN_2021_0F 
 2:25:26 (adskflex) 87405ACDLTM_2021_0F 87404ACDMAC_2021_0F 87403MAP_2021_0F 
 2:25:26 (adskflex) 87402PLNT3D_2021_0F 87401BLDSYS_2021_0F 87400AMECH_PP_2021_0F 
 2:25:26 (adskflex) 87399ACAD_E_2021_0F 87398ARCHDESK_2021_0F 87397ARDES_2021_0F 
 2:25:26 (adskflex) 87396ACDLT_2021_0F 87395DSSTD_2021_0F 87394DSPRM_2021_0F 
 2:25:26 (adskflex) 87393ACD_2021_0F 87392VLTWG_2021_0F 87391VLTM_2021_0F 
 2:25:26 (adskflex) 87390PCOFFI_2021_0F 87389RSAPRO_2021_0F 87385INVPROSA_2021_0F 
 2:25:26 (adskflex) 87384INVOEM_2021_0F 87383INVLT_2021_0F 87382INVNTOR_2021_0F 
 2:25:26 (adskflex) 87387IW360P_2020_0F 87386VLTEAD_2020_0F 87381INVTOL_2020_0F 
 2:25:26 (adskflex) 87380T1MFPB_2020_0F 87379T1MFSB_2020_0F 87378T1MFPV_2020_0F 
 2:25:26 (adskflex) 87377T1MF_2020_0F 87376EMFEB_2020_0F 87375NTFABLS_2020_0F 
 2:25:26 (adskflex) 87374SCDSE_2020_0F 87373SCFDM_2020_0F 87372SCFDA_2020_0F 
 2:25:26 (adskflex) 87371VRDSRV_2020_0F 87370RCMVRD_2020_0F 87369VRDPRO_2020_0F 
 2:25:26 (adskflex) 87368VRDPRS_2020_0F 87367VRDDES_2020_0F 87366ACMPAN_2020_0F 
 2:25:26 (adskflex) 87365TRUNST_2020_0F 87364TRUNEST_2020_0F 87363TRCMPU_2020_0F 
 2:25:26 (adskflex) 87362TRCMPS_2020_0F 87361TNNUINV_2020_0F 87360SBPNL_2020_0F 
 2:25:26 (adskflex) 87359NETFS_2020_0F 87358FCMULH_2020_0F 87357PWRSP_2020_0F 
 2:25:26 (adskflex) 87356VLTWG_2020_0F 87355VLTM_2020_0F 87354PCOFFI_2020_0F 
 2:25:26 (adskflex) 87353PWSSLH_2020_0F 87352PWSULH_2020_0F 87351PWSPLH_2020_0F 
 2:25:26 (adskflex) 87350PMULHD_2020_0F 87349PMSLHD_2020_0F 87348PMPLHD_2020_0F 
 2:25:26 (adskflex) 87347PWIULH_2020_0F 87346PWISLH_2020_0F 87345PWIPLH_2020_0F 
 2:25:26 (adskflex) 87344FCMSLH_2020_0F 87343FCMPLH_2020_0F 87342PWRSU_2020_0F 
 2:25:26 (adskflex) 87341PWRSS_2020_0F 87340PWRMU_2020_0F 87339PWRMS_2020_0F 
 2:25:26 (adskflex) 87338PWRMP_2020_0F 87337PWRMMOD_2020_0F 87336PWRIU_2020_0F 
 2:25:26 (adskflex) 87335PWRIS_2020_0F 87334PWRIP_2020_0F 87333PMAKER_2020_0F 
 2:25:26 (adskflex) 87332NETFE_2020_0F 87331NETFA_2020_0F 87330MFGDEXUTLP_2020_0F 
 2:25:26 (adskflex) 87329MPPUS_2020_0F 87328FCAMU_2020_0F 87327FCAMS_2020_0F 
 2:25:26 (adskflex) 87326FCAMP_2020_0F 87325ESTMEP_2020_0F 87324CAMDCT_2020_0F 
 2:25:26 (adskflex) 87323CADMEP_2020_0F 87322MFST_2020_0F 87321MFS_2020_0F 
 2:25:26 (adskflex) 87320MFIAT_2020_0F 87319MFIA_2020_0F 87318MFIB_2020_0F 
 2:25:26 (adskflex) 87317MFIP_2020_0F 87316MFAA_2020_0F 87315MFAM_2020_0F 
 2:25:26 (adskflex) 87314ACDLTC_2020_0F 87313MBXPRO_2020_0F 87312MOBPRO_2020_0F 
 2:25:26 (adskflex) 87311MAYALT_2020_0F 87310MAYAIO_2020_0F 87309FDU_2020_0F 
 2:25:26 (adskflex) 87308PNTLAY_2020_0F 87307NAVSIM_2020_0F 87306NAVMAN_2020_0F 
 2:25:26 (adskflex) 87305INVETO_2020_0F 87304INTSER_2020_0F 87303IETODEV_2020_0F 
 2:25:26 (adskflex) 87302NINCAD_2020_0F 87301WTGTWY_2020_0F 87300LSTRSR_2020_0F 
 2:25:26 (adskflex) 87299LSTRBRN_2020_0F 87298K100_2020_0F 87297A400_2020_0F 
 2:25:26 (adskflex) 87296A280_2020_0F 87295A350_2020_0F 87294FLMEDU_2020_0F 
 2:25:26 (adskflex) 87293A250_2020_0F 87292C300_2020_0F 87291DESNST_2020_0F 
 2:25:26 (adskflex) 87290ALSCPT_2020_0F 87289SURFST_2020_0F 87288ALAUST_2020_0F 
 2:25:26 (adskflex) 87287ARNOL_2020_0F 87286ACDLTM_2020_0F 87285ACDMAC_2020_0F 
 2:25:26 (adskflex) 87283MAYA_2020_0F 87282RECAP_2020_0F 87279MYECS_2020_0F 
 2:25:26 (adskflex) 87278MAYAS_2020_0F 87277ENCSU_2020_0F 87276MXECS_2020_0F 
 2:25:26 (adskflex) 87275FDSADV_2020_0F 87274FDSS_2020_0F 87273FDSPRM_2020_0F 
 2:25:26 (adskflex) 87272DSSTD_2020_0F 87271DSPRM_2020_0F 87270HSMPRO_2020_0F 
 2:25:26 (adskflex) 87269HSMPRM_2020_0F 87268INHSMP_2020_0F 87267INVHSM_2020_0F 
 2:25:26 (adskflex) 87266HSMULT_2020_0F 87265HSMPREM_2020_0F 87264RRI2ADD_2020_0F 
 2:25:26 (adskflex) 87263VEHTRK_2020_0F 87262SFS_2020_0F 87261SBRDES_2020_0F 
 2:25:26 (adskflex) 87260RVTLT_2020_0F 87259RVT_2020_0F 87258PDSADV_2020_0F 
 2:25:26 (adskflex) 87257PLTDSS_2020_0F 87256PDSPRM_2020_0F 87255MEPCS_2020_0F 
 2:25:26 (adskflex) 87254IDSU_2020_0F 87253IDSS_2020_0F 87252IDSP_2020_0F 
 2:25:26 (adskflex) 87251CIV3D_2020_0F 87250BDSADV_2020_0F 87249BDSS_2020_0F 
 2:25:26 (adskflex) 87248BDSPRM_2020_0F 87247RVTLTS_2020_0F 87246ADSTPR_2020_0F 
 2:25:26 (adskflex) 87245RSAPRO_2020_0F 87244MAXIO_2020_0F 872433DSMXS_2020_0F 
 2:25:26 (adskflex) 872423DSMAX_2020_0F 87241PLNT3D_2020_0F 87240MAP_2020_0F 
 2:25:26 (adskflex) 87237PDSU_2020_0F 87236PDSP_2020_0F 87235INVPROSA_2020_0F 
 2:25:26 (adskflex) 87234INVOEM_2020_0F 87233INVLT_2020_0F 87232INVNTOR_2020_0F 
 2:25:26 (adskflex) 87231INVLTS_2020_0F 87230BLDSYS_2020_0F 87229AMECH_PP_2020_0F 
 2:25:26 (adskflex) 87228ACAD_E_2020_0F 87227ARCHDESK_2020_0F 87226ARDES_2020_0F 
 2:25:26 (adskflex) 87225ACDLT_2020_0F 87224ACD_2020_0F 
 2:25:26 (adskflex) EXTERNAL FILTERS are OFF
 2:25:26 (lmgrd) adskflex using TCP-port 2080
02:25:26 (adskflex_pluggin) INFO: Loading lib Z:\app\adskflex_plugin.dll
02:25:26 (adskflex_pluggin) INFO: Plugin not loaded, NLM Server is running in Non Reporting mode.
 2:25:26 (adskflex) SLOG: Statistics Log Frequency is 240 minute(s).
 2:25:26 (adskflex) SLOG: TS update poll interval is 600 seconds.
 2:25:26 (adskflex) SLOG: Activation borrow reclaim percentage is 0.
 2:25:26 (adskflex) (@adskflex-SLOG@) ===============================================
 2:25:26 (adskflex) (@adskflex-SLOG@) === Vendor Daemon ===
 2:25:26 (adskflex) (@adskflex-SLOG@) Vendor daemon: adskflex
 2:25:26 (adskflex) (@adskflex-SLOG@) Start-Date: Sun Mar 22 2026 02:25:26 Greenwich Standard Time
 2:25:26 (adskflex) (@adskflex-SLOG@) PID: 344
 2:25:26 (adskflex) (@adskflex-SLOG@) VD Version: v11.19.4.1 build 291070 x64_n6 ( build 291070 (ipv6))
 2:25:26 (adskflex) (@adskflex-SLOG@) 
 2:25:26 (adskflex) (@adskflex-SLOG@) === Startup/Restart Info ===
 2:25:26 (adskflex) (@adskflex-SLOG@) Options file used: None
 2:25:26 (adskflex) (@adskflex-SLOG@) Is vendor daemon a CVD: No
 2:25:26 (adskflex) (@adskflex-SLOG@) Is FlexNet Licensing Service installed and compatible: No
 2:25:26 (adskflex) (@adskflex-SLOG@) FlexNet Licensing Service Version: -NA-
 2:25:26 (adskflex) (@adskflex-SLOG@) Is TS accessed: No
 2:25:26 (adskflex) (@adskflex-SLOG@) TS access time: -NA-
 2:25:26 (adskflex) (@adskflex-SLOG@) Number of VD restarts since LS startup: 2
 2:25:26 (adskflex) (@adskflex-SLOG@) 
 2:25:26 (adskflex) (@adskflex-SLOG@) === Network Info ===
 2:25:26 (adskflex) (@adskflex-SLOG@) Listening port: 2080
 2:25:26 (adskflex) (@adskflex-SLOG@) Daemon select timeout (in seconds): 1
 2:25:26 (adskflex) (@adskflex-SLOG@) 
 2:25:26 (adskflex) (@adskflex-SLOG@) === Host Info ===
 2:25:26 (adskflex) (@adskflex-SLOG@) Host used in license file: win-license-lab
 2:25:26 (adskflex) (@adskflex-SLOG@) HostID node-locked in license file: 66128fd23630 
 2:25:26 (adskflex) (@adskflex-SLOG@) HostID of the License Server: 66128fd23630
 2:25:26 (adskflex) (@adskflex-SLOG@) Running on Hypervisor: Not determined - treat as Physical
 2:25:26 (adskflex) (@adskflex-SLOG@) ===============================================
 2:25:26 (adskflex) Ecomms: Encrypted Communication disabled
 2:25:26 (adskflex) TCP_NODELAY NOT enabled
 2:25:26 (adskflex) Listener Thread: running
 2:25:26 (adskflex) Starting diagnostics port listener thread (DPLT)
 2:25:26 (adskflex) Starting diagnostics output thread (DRQT)
 2:25:26 (adskflex) DPLT: running
 2:25:26 (adskflex) DRQT: running
 2:25:26 (adskflex) DPLT: Diagnostic Functionality is unable to access AF_UNIX socket
 2:25:26 (adskflex) DPLT: Diagnostic Functionality is not supported on this platform
